2026-06-16 15:17:39,872 [INFO] Started upload daemon. Monitoring /home/mint/smart-db/CHUNKS_STAGING
2026-06-16 15:17:39,872 [INFO] Started upload daemon. Monitoring /home/mint/smart-db/CHUNKS_STAGING
2026-06-16 15:17:39,872 [INFO] Started upload daemon. Monitoring /home/mint/smart-db/CHUNKS_STAGING
2026-06-16 15:17:39,872 [INFO] Started upload daemon. Monitoring /home/mint/smart-db/CHUNKS_STAGING
2026-06-16 15:17:39,876 [INFO] Uploading 00 2013 Отчет по ЭМС ПС Первомайка (Изм.1).pdf.json ...
2026-06-16 15:17:39,876 [INFO] Uploading 00 2013 Отчет по ЭМС ПС Первомайка (Изм.1).pdf.json ...
2026-06-16 15:17:39,876 [INFO] Uploading 00 2013 Отчет по ЭМС ПС Первомайка (Изм.1).pdf.json ...
2026-06-16 15:17:39,876 [INFO] Uploading 00 2013 Отчет по ЭМС ПС Первомайка (Изм.1).pdf.json ...
2026-06-16 15:17:40,104 [ERROR] Upload failed for 00 2013 Отчет по ЭМС ПС Первомайка (Изм.1).pdf.txt – HTTP 500: {"success":false,"error":"File does not exist in upload directory.","documents":[]}
2026-06-16 15:17:40,104 [ERROR] Upload failed for 00 2013 Отчет по ЭМС ПС Первомайка (Изм.1).pdf.txt – HTTP 500: {"success":false,"error":"File does not exist in upload directory.","documents":[]}
2026-06-16 15:17:40,105 [INFO] Uploading CoroCAM 7 корокам.pdf.json ...
2026-06-16 15:17:40,105 [INFO] Uploading CoroCAM 7 корокам.pdf.json ...
2026-06-16 15:18:01,600 [INFO] Successfully embedded CoroCAM 7 корокам.pdf.json.
2026-06-16 15:18:01,600 [INFO] Successfully embedded CoroCAM 7 корокам.pdf.json.
2026-06-16 15:18:01,600 [INFO] Archived CoroCAM 7 корокам.pdf.json.
2026-06-16 15:18:01,600 [INFO] Archived CoroCAM 7 корокам.pdf.json.
2026-06-16 15:18:01,601 [INFO] Uploading IMG20230912123149.jpg.json ...
2026-06-16 15:18:01,601 [INFO] Uploading IMG20230912123149.jpg.json ...
2026-06-16 15:18:01,929 [INFO] Successfully embedded IMG20230912123149.jpg.json.
2026-06-16 15:18:01,929 [INFO] Successfully embedded IMG20230912123149.jpg.json.
2026-06-16 15:18:01,929 [INFO] Archived IMG20230912123149.jpg.json.
2026-06-16 15:18:01,929 [INFO] Archived IMG20230912123149.jpg.json.
2026-06-16 15:18:01,930 [INFO] Uploading Vitok-1 РЭ.pdf.json ...
2026-06-16 15:18:01,930 [INFO] Uploading Vitok-1 РЭ.pdf.json ...
2026-06-16 15:18:03,249 [INFO] Successfully embedded Vitok-1 РЭ.pdf.json.
2026-06-16 15:18:03,249 [INFO] Successfully embedded Vitok-1 РЭ.pdf.json.
2026-06-16 15:18:03,249 [INFO] Archived Vitok-1 РЭ.pdf.json.
2026-06-16 15:18:03,249 [INFO] Archived Vitok-1 РЭ.pdf.json.
2026-06-16 15:18:03,257 [INFO] Uploading export за 2025.XLSX.json ...
2026-06-16 15:18:03,257 [INFO] Uploading export за 2025.XLSX.json ...
2026-06-16 15:18:08,838 [INFO] Successfully embedded 00 2013 Отчет по ЭМС ПС Первомайка (Изм.1).pdf.json.
2026-06-16 15:18:08,838 [INFO] Successfully embedded 00 2013 Отчет по ЭМС ПС Первомайка (Изм.1).pdf.json.
2026-06-16 15:18:08,838 [INFO] Archived 00 2013 Отчет по ЭМС ПС Первомайка (Изм.1).pdf.json.
2026-06-16 15:18:08,838 [INFO] Archived 00 2013 Отчет по ЭМС ПС Первомайка (Изм.1).pdf.json.
2026-06-16 15:18:08,839 [ERROR] Unexpected error processing CoroCAM 7 корокам.pdf.json: [Errno 2] No such file or directory: '/home/mint/smart-db/CHUNKS_STAGING/CoroCAM 7 корокам.pdf.json'
2026-06-16 15:18:08,839 [ERROR] Unexpected error processing CoroCAM 7 корокам.pdf.json: [Errno 2] No such file or directory: '/home/mint/smart-db/CHUNKS_STAGING/CoroCAM 7 корокам.pdf.json'
2026-06-16 15:18:08,839 [ERROR] Unexpected error processing IMG20230912123149.jpg.json: [Errno 2] No such file or directory: '/home/mint/smart-db/CHUNKS_STAGING/IMG20230912123149.jpg.json'
2026-06-16 15:18:08,839 [ERROR] Unexpected error processing IMG20230912123149.jpg.json: [Errno 2] No such file or directory: '/home/mint/smart-db/CHUNKS_STAGING/IMG20230912123149.jpg.json'
2026-06-16 15:18:08,839 [ERROR] Unexpected error processing Vitok-1 РЭ.pdf.json: [Errno 2] No such file or directory: '/home/mint/smart-db/CHUNKS_STAGING/Vitok-1 РЭ.pdf.json'
2026-06-16 15:18:08,839 [ERROR] Unexpected error processing Vitok-1 РЭ.pdf.json: [Errno 2] No such file or directory: '/home/mint/smart-db/CHUNKS_STAGING/Vitok-1 РЭ.pdf.json'
2026-06-16 15:18:08,848 [INFO] Uploading export за 2025.XLSX.json ...
2026-06-16 15:18:08,848 [INFO] Uploading export за 2025.XLSX.json ...
2026-06-16 15:19:05,986 [INFO] Successfully embedded export за 2025.XLSX.json.
2026-06-16 15:19:05,986 [INFO] Successfully embedded export за 2025.XLSX.json.
2026-06-16 15:19:05,987 [INFO] Archived export за 2025.XLSX.json.
2026-06-16 15:19:05,987 [INFO] Archived export за 2025.XLSX.json.
2026-06-16 15:19:05,987 [INFO] Uploading Акт проверки АЗ НПетр.pdf.json ...
2026-06-16 15:19:05,987 [INFO] Uploading Акт проверки АЗ НПетр.pdf.json ...
2026-06-16 15:19:06,498 [INFO] Successfully embedded Акт проверки АЗ НПетр.pdf.json.
2026-06-16 15:19:06,498 [INFO] Successfully embedded Акт проверки АЗ НПетр.pdf.json.
2026-06-16 15:19:06,498 [INFO] Archived Акт проверки АЗ НПетр.pdf.json.
2026-06-16 15:19:06,498 [INFO] Archived Акт проверки АЗ НПетр.pdf.json.
2026-06-16 15:19:06,498 [INFO] Uploading В.А. Обвинцеву Тангенс2000 УПК ЮНИТ в ремонт 2026 согл.docx.json ...
2026-06-16 15:19:06,498 [INFO] Uploading В.А. Обвинцеву Тангенс2000 УПК ЮНИТ в ремонт 2026 согл.docx.json ...
2026-06-16 15:19:06,733 [INFO] Successfully embedded В.А. Обвинцеву Тангенс2000 УПК ЮНИТ в ремонт 2026 согл.docx.json.
2026-06-16 15:19:06,733 [INFO] Successfully embedded В.А. Обвинцеву Тангенс2000 УПК ЮНИТ в ремонт 2026 согл.docx.json.
2026-06-16 15:19:06,733 [INFO] Archived В.А. Обвинцеву Тангенс2000 УПК ЮНИТ в ремонт 2026 согл.docx.json.
2026-06-16 15:19:06,733 [INFO] Archived В.А. Обвинцеву Тангенс2000 УПК ЮНИТ в ремонт 2026 согл.docx.json.
2026-06-16 15:19:06,733 [INFO] Uploading В.А. Обвинцеву Тангенс2000 в ремонт Феникс.docx.json ...
2026-06-16 15:19:06,733 [INFO] Uploading В.А. Обвинцеву Тангенс2000 в ремонт Феникс.docx.json ...
2026-06-16 15:19:06,980 [INFO] Successfully embedded В.А. Обвинцеву Тангенс2000 в ремонт Феникс.docx.json.
2026-06-16 15:19:06,980 [INFO] Successfully embedded В.А. Обвинцеву Тангенс2000 в ремонт Феникс.docx.json.
2026-06-16 15:19:06,980 [INFO] Archived В.А. Обвинцеву Тангенс2000 в ремонт Феникс.docx.json.
2026-06-16 15:19:06,980 [INFO] Archived В.А. Обвинцеву Тангенс2000 в ремонт Феникс.docx.json.
2026-06-16 15:19:06,981 [INFO] Uploading В.А. Обвинцеву Тангенсы в ремонт.docx.json ...
2026-06-16 15:19:06,981 [INFO] Uploading В.А. Обвинцеву Тангенсы в ремонт.docx.json ...
2026-06-16 15:19:07,230 [INFO] Successfully embedded В.А. Обвинцеву Тангенсы в ремонт.docx.json.
2026-06-16 15:19:07,230 [INFO] Successfully embedded В.А. Обвинцеву Тангенсы в ремонт.docx.json.
2026-06-16 15:19:07,231 [INFO] Archived В.А. Обвинцеву Тангенсы в ремонт.docx.json.
2026-06-16 15:19:07,231 [INFO] Archived В.А. Обвинцеву Тангенсы в ремонт.docx.json.
2026-06-16 15:19:07,231 [INFO] Uploading В.А. Обвинцеву ЭТЛ ремонт 2023 согл.docx.json ...
2026-06-16 15:19:07,231 [INFO] Uploading В.А. Обвинцеву ЭТЛ ремонт 2023 согл.docx.json ...
2026-06-16 15:19:07,479 [INFO] Successfully embedded В.А. Обвинцеву ЭТЛ ремонт 2023 согл.docx.json.
2026-06-16 15:19:07,479 [INFO] Successfully embedded В.А. Обвинцеву ЭТЛ ремонт 2023 согл.docx.json.
2026-06-16 15:19:07,479 [INFO] Archived В.А. Обвинцеву ЭТЛ ремонт 2023 согл.docx.json.
2026-06-16 15:19:07,479 [INFO] Archived В.А. Обвинцеву ЭТЛ ремонт 2023 согл.docx.json.
2026-06-16 15:19:07,479 [INFO] Uploading В.А. Обвинцеву ЭТЛ35К в ремонт.docx.json ...
2026-06-16 15:19:07,479 [INFO] Uploading В.А. Обвинцеву ЭТЛ35К в ремонт.docx.json ...
2026-06-16 15:19:07,709 [INFO] Successfully embedded В.А. Обвинцеву ЭТЛ35К в ремонт.docx.json.
2026-06-16 15:19:07,709 [INFO] Successfully embedded В.А. Обвинцеву ЭТЛ35К в ремонт.docx.json.
2026-06-16 15:19:07,709 [INFO] Archived В.А. Обвинцеву ЭТЛ35К в ремонт.docx.json.
2026-06-16 15:19:07,709 [INFO] Archived В.А. Обвинцеву ЭТЛ35К в ремонт.docx.json.
2026-06-16 15:19:07,710 [INFO] Uploading В.А. Обвинцеву латр согл.docx.json ...
2026-06-16 15:19:07,710 [INFO] Uploading В.А. Обвинцеву латр согл.docx.json ...
2026-06-16 15:19:07,945 [INFO] Successfully embedded В.А. Обвинцеву латр согл.docx.json.
2026-06-16 15:19:07,945 [INFO] Successfully embedded В.А. Обвинцеву латр согл.docx.json.
2026-06-16 15:19:07,945 [INFO] Archived В.А. Обвинцеву латр согл.docx.json.
2026-06-16 15:19:07,945 [INFO] Archived В.А. Обвинцеву латр согл.docx.json.
2026-06-16 15:19:07,945 [INFO] Uploading В.А. Обвинцеву приборы в ремонт 202307 cjuk.docx.json ...
2026-06-16 15:19:07,945 [INFO] Uploading В.А. Обвинцеву приборы в ремонт 202307 cjuk.docx.json ...
2026-06-16 15:19:08,275 [INFO] Successfully embedded В.А. Обвинцеву приборы в ремонт 202307 cjuk.docx.json.
2026-06-16 15:19:08,275 [INFO] Successfully embedded В.А. Обвинцеву приборы в ремонт 202307 cjuk.docx.json.
2026-06-16 15:19:08,275 [INFO] Archived В.А. Обвинцеву приборы в ремонт 202307 cjuk.docx.json.
2026-06-16 15:19:08,275 [INFO] Archived В.А. Обвинцеву приборы в ремонт 202307 cjuk.docx.json.
2026-06-16 15:19:08,275 [INFO] Uploading Етк Инструктажи (пр353) (6).pdf.json ...
2026-06-16 15:19:08,275 [INFO] Uploading Етк Инструктажи (пр353) (6).pdf.json ...
2026-06-16 15:19:08,516 [INFO] Successfully embedded Етк Инструктажи (пр353) (6).pdf.json.
2026-06-16 15:19:08,516 [INFO] Successfully embedded Етк Инструктажи (пр353) (6).pdf.json.
2026-06-16 15:19:08,516 [INFO] Archived Етк Инструктажи (пр353) (6).pdf.json.
2026-06-16 15:19:08,516 [INFO] Archived Етк Инструктажи (пр353) (6).pdf.json.
2026-06-16 15:19:08,517 [INFO] Uploading ИФН-200 руководство.pdf.json ...
2026-06-16 15:19:08,517 [INFO] Uploading ИФН-200 руководство.pdf.json ...
2026-06-16 15:19:10,812 [INFO] Successfully embedded export за 2025.XLSX.json.
2026-06-16 15:19:10,812 [INFO] Successfully embedded export за 2025.XLSX.json.
2026-06-16 15:19:10,812 [ERROR] Unexpected error processing export за 2025.XLSX.json: [Errno 2] No such file or directory: '/home/mint/smart-db/CHUNKS_STAGING/export за 2025.XLSX.json'
2026-06-16 15:19:10,812 [ERROR] Unexpected error processing export за 2025.XLSX.json: [Errno 2] No such file or directory: '/home/mint/smart-db/CHUNKS_STAGING/export за 2025.XLSX.json'
2026-06-16 15:19:10,813 [ERROR] Unexpected error processing Акт проверки АЗ НПетр.pdf.json: [Errno 2] No such file or directory: '/home/mint/smart-db/CHUNKS_STAGING/Акт проверки АЗ НПетр.pdf.json'
2026-06-16 15:19:10,813 [ERROR] Unexpected error processing Акт проверки АЗ НПетр.pdf.json: [Errno 2] No such file or directory: '/home/mint/smart-db/CHUNKS_STAGING/Акт проверки АЗ НПетр.pdf.json'
2026-06-16 15:19:10,813 [ERROR] Unexpected error processing В.А. Обвинцеву Тангенс2000 УПК ЮНИТ в ремонт 2026 согл.docx.json: [Errno 2] No such file or directory: '/home/mint/smart-db/CHUNKS_STAGING/В.А. Обвинцеву Тангенс2000 УПК ЮНИТ в ремонт 2026 согл.docx.json'
2026-06-16 15:19:10,813 [ERROR] Unexpected error processing В.А. Обвинцеву Тангенс2000 УПК ЮНИТ в ремонт 2026 согл.docx.json: [Errno 2] No such file or directory: '/home/mint/smart-db/CHUNKS_STAGING/В.А. Обвинцеву Тангенс2000 УПК ЮНИТ в ремонт 2026 согл.docx.json'
2026-06-16 15:19:10,813 [ERROR] Unexpected error processing В.А. Обвинцеву Тангенс2000 в ремонт Феникс.docx.json: [Errno 2] No such file or directory: '/home/mint/smart-db/CHUNKS_STAGING/В.А. Обвинцеву Тангенс2000 в ремонт Феникс.docx.json'
2026-06-16 15:19:10,813 [ERROR] Unexpected error processing В.А. Обвинцеву Тангенс2000 в ремонт Феникс.docx.json: [Errno 2] No such file or directory: '/home/mint/smart-db/CHUNKS_STAGING/В.А. Обвинцеву Тангенс2000 в ремонт Феникс.docx.json'
2026-06-16 15:19:10,813 [ERROR] Unexpected error processing В.А. Обвинцеву Тангенсы в ремонт.docx.json: [Errno 2] No such file or directory: '/home/mint/smart-db/CHUNKS_STAGING/В.А. Обвинцеву Тангенсы в ремонт.docx.json'
2026-06-16 15:19:10,813 [ERROR] Unexpected error processing В.А. Обвинцеву Тангенсы в ремонт.docx.json: [Errno 2] No such file or directory: '/home/mint/smart-db/CHUNKS_STAGING/В.А. Обвинцеву Тангенсы в ремонт.docx.json'
2026-06-16 15:19:10,813 [ERROR] Unexpected error processing В.А. Обвинцеву ЭТЛ ремонт 2023 согл.docx.json: [Errno 2] No such file or directory: '/home/mint/smart-db/CHUNKS_STAGING/В.А. Обвинцеву ЭТЛ ремонт 2023 согл.docx.json'
2026-06-16 15:19:10,813 [ERROR] Unexpected error processing В.А. Обвинцеву ЭТЛ ремонт 2023 согл.docx.json: [Errno 2] No such file or directory: '/home/mint/smart-db/CHUNKS_STAGING/В.А. Обвинцеву ЭТЛ ремонт 2023 согл.docx.json'
2026-06-16 15:19:10,813 [ERROR] Unexpected error processing В.А. Обвинцеву ЭТЛ35К в ремонт.docx.json: [Errno 2] No such file or directory: '/home/mint/smart-db/CHUNKS_STAGING/В.А. Обвинцеву ЭТЛ35К в ремонт.docx.json'
2026-06-16 15:19:10,813 [ERROR] Unexpected error processing В.А. Обвинцеву ЭТЛ35К в ремонт.docx.json: [Errno 2] No such file or directory: '/home/mint/smart-db/CHUNKS_STAGING/В.А. Обвинцеву ЭТЛ35К в ремонт.docx.json'
2026-06-16 15:19:10,813 [ERROR] Unexpected error processing В.А. Обвинцеву латр согл.docx.json: [Errno 2] No such file or directory: '/home/mint/smart-db/CHUNKS_STAGING/В.А. Обвинцеву латр согл.docx.json'
2026-06-16 15:19:10,813 [ERROR] Unexpected error processing В.А. Обвинцеву латр согл.docx.json: [Errno 2] No such file or directory: '/home/mint/smart-db/CHUNKS_STAGING/В.А. Обвинцеву латр согл.docx.json'
2026-06-16 15:19:10,813 [ERROR] Unexpected error processing В.А. Обвинцеву приборы в ремонт 202307 cjuk.docx.json: [Errno 2] No such file or directory: '/home/mint/smart-db/CHUNKS_STAGING/В.А. Обвинцеву приборы в ремонт 202307 cjuk.docx.json'
2026-06-16 15:19:10,813 [ERROR] Unexpected error processing В.А. Обвинцеву приборы в ремонт 202307 cjuk.docx.json: [Errno 2] No such file or directory: '/home/mint/smart-db/CHUNKS_STAGING/В.А. Обвинцеву приборы в ремонт 202307 cjuk.docx.json'
2026-06-16 15:19:10,813 [ERROR] Unexpected error processing Етк Инструктажи (пр353) (6).pdf.json: [Errno 2] No such file or directory: '/home/mint/smart-db/CHUNKS_STAGING/Етк Инструктажи (пр353) (6).pdf.json'
2026-06-16 15:19:10,813 [ERROR] Unexpected error processing Етк Инструктажи (пр353) (6).pdf.json: [Errno 2] No such file or directory: '/home/mint/smart-db/CHUNKS_STAGING/Етк Инструктажи (пр353) (6).pdf.json'
2026-06-16 15:19:10,814 [INFO] Uploading ИФН-200 руководство.pdf.json ...
2026-06-16 15:19:10,814 [INFO] Uploading ИФН-200 руководство.pdf.json ...
2026-06-16 15:19:11,487 [INFO] Successfully embedded ИФН-200 руководство.pdf.json.
2026-06-16 15:19:11,487 [INFO] Successfully embedded ИФН-200 руководство.pdf.json.
2026-06-16 15:19:11,488 [INFO] Archived ИФН-200 руководство.pdf.json.
2026-06-16 15:19:11,488 [INFO] Archived ИФН-200 руководство.pdf.json.
2026-06-16 15:19:11,488 [INFO] Uploading Кыш Инст.pdf.json ...
2026-06-16 15:19:11,488 [INFO] Uploading Кыш Инст.pdf.json ...
2026-06-16 15:19:11,802 [INFO] Successfully embedded Кыш Инст.pdf.json.
2026-06-16 15:19:11,802 [INFO] Successfully embedded Кыш Инст.pdf.json.
2026-06-16 15:19:11,803 [INFO] Archived Кыш Инст.pdf.json.
2026-06-16 15:19:11,803 [INFO] Archived Кыш Инст.pdf.json.
2026-06-16 15:19:11,803 [INFO] Uploading Лазурная В110 Межозерная.pdf.json ...
2026-06-16 15:19:11,803 [INFO] Uploading Лазурная В110 Межозерная.pdf.json ...
2026-06-16 15:19:12,124 [INFO] Successfully embedded Лазурная В110 Межозерная.pdf.json.
2026-06-16 15:19:12,124 [INFO] Successfully embedded Лазурная В110 Межозерная.pdf.json.
2026-06-16 15:19:12,124 [INFO] Archived Лазурная В110 Межозерная.pdf.json.
2026-06-16 15:19:12,124 [INFO] Archived Лазурная В110 Межозерная.pdf.json.
2026-06-16 15:19:12,125 [INFO] Uploading Лазурная ТН-110кВ 2сш фС.pdf.json ...
2026-06-16 15:19:12,125 [INFO] Uploading Лазурная ТН-110кВ 2сш фС.pdf.json ...
2026-06-16 15:19:12,462 [INFO] Successfully embedded Лазурная ТН-110кВ 2сш фС.pdf.json.
2026-06-16 15:19:12,462 [INFO] Successfully embedded Лазурная ТН-110кВ 2сш фС.pdf.json.
2026-06-16 15:19:12,462 [INFO] Archived Лазурная ТН-110кВ 2сш фС.pdf.json.
2026-06-16 15:19:12,462 [INFO] Archived Лазурная ТН-110кВ 2сш фС.pdf.json.
2026-06-16 15:19:12,463 [INFO] Uploading Лазурная ТН110 2сш фА ХАРГ 2025.pdf.json ...
2026-06-16 15:19:12,463 [INFO] Uploading Лазурная ТН110 2сш фА ХАРГ 2025.pdf.json ...
2026-06-16 15:19:12,797 [INFO] Successfully embedded Лазурная ТН110 2сш фА ХАРГ 2025.pdf.json.
2026-06-16 15:19:12,797 [INFO] Successfully embedded Лазурная ТН110 2сш фА ХАРГ 2025.pdf.json.
2026-06-16 15:19:12,797 [INFO] Archived Лазурная ТН110 2сш фА ХАРГ 2025.pdf.json.
2026-06-16 15:19:12,797 [INFO] Archived Лазурная ТН110 2сш фА ХАРГ 2025.pdf.json.
2026-06-16 15:19:12,797 [INFO] Uploading Лазурная ввод В110 Межозерная фАвл ХАРГ 2025.pdf.json ...
2026-06-16 15:19:12,797 [INFO] Uploading Лазурная ввод В110 Межозерная фАвл ХАРГ 2025.pdf.json ...
2026-06-16 15:19:13,113 [INFO] Successfully embedded Лазурная ввод В110 Межозерная фАвл ХАРГ 2025.pdf.json.
2026-06-16 15:19:13,113 [INFO] Successfully embedded Лазурная ввод В110 Межозерная фАвл ХАРГ 2025.pdf.json.
2026-06-16 15:19:13,114 [INFO] Archived Лазурная ввод В110 Межозерная фАвл ХАРГ 2025.pdf.json.
2026-06-16 15:19:13,114 [INFO] Archived Лазурная ввод В110 Межозерная фАвл ХАРГ 2025.pdf.json.
2026-06-16 15:19:13,114 [INFO] Uploading ПЗ 2025 02.docx.json ...
2026-06-16 15:19:13,114 [INFO] Uploading ПЗ 2025 02.docx.json ...
2026-06-16 15:19:13,719 [INFO] Successfully embedded ИФН-200 руководство.pdf.json.
2026-06-16 15:19:13,719 [INFO] Successfully embedded ИФН-200 руководство.pdf.json.
2026-06-16 15:19:13,720 [ERROR] Unexpected error processing ИФН-200 руководство.pdf.json: [Errno 2] No such file or directory: '/home/mint/smart-db/CHUNKS_STAGING/ИФН-200 руководство.pdf.json'
2026-06-16 15:19:13,720 [ERROR] Unexpected error processing ИФН-200 руководство.pdf.json: [Errno 2] No such file or directory: '/home/mint/smart-db/CHUNKS_STAGING/ИФН-200 руководство.pdf.json'
2026-06-16 15:19:13,720 [ERROR] Unexpected error processing Кыш Инст.pdf.json: [Errno 2] No such file or directory: '/home/mint/smart-db/CHUNKS_STAGING/Кыш Инст.pdf.json'
2026-06-16 15:19:13,720 [ERROR] Unexpected error processing Кыш Инст.pdf.json: [Errno 2] No such file or directory: '/home/mint/smart-db/CHUNKS_STAGING/Кыш Инст.pdf.json'
2026-06-16 15:19:13,720 [ERROR] Unexpected error processing Лазурная В110 Межозерная.pdf.json: [Errno 2] No such file or directory: '/home/mint/smart-db/CHUNKS_STAGING/Лазурная В110 Межозерная.pdf.json'
2026-06-16 15:19:13,720 [ERROR] Unexpected error processing Лазурная В110 Межозерная.pdf.json: [Errno 2] No such file or directory: '/home/mint/smart-db/CHUNKS_STAGING/Лазурная В110 Межозерная.pdf.json'
2026-06-16 15:19:13,720 [ERROR] Unexpected error processing Лазурная ТН-110кВ 2сш фС.pdf.json: [Errno 2] No such file or directory: '/home/mint/smart-db/CHUNKS_STAGING/Лазурная ТН-110кВ 2сш фС.pdf.json'
2026-06-16 15:19:13,720 [ERROR] Unexpected error processing Лазурная ТН-110кВ 2сш фС.pdf.json: [Errno 2] No such file or directory: '/home/mint/smart-db/CHUNKS_STAGING/Лазурная ТН-110кВ 2сш фС.pdf.json'
2026-06-16 15:19:13,720 [ERROR] Unexpected error processing Лазурная ТН110 2сш фА ХАРГ 2025.pdf.json: [Errno 2] No such file or directory: '/home/mint/smart-db/CHUNKS_STAGING/Лазурная ТН110 2сш фА ХАРГ 2025.pdf.json'
2026-06-16 15:19:13,720 [ERROR] Unexpected error processing Лазурная ТН110 2сш фА ХАРГ 2025.pdf.json: [Errno 2] No such file or directory: '/home/mint/smart-db/CHUNKS_STAGING/Лазурная ТН110 2сш фА ХАРГ 2025.pdf.json'
2026-06-16 15:19:13,720 [ERROR] Unexpected error processing Лазурная ввод В110 Межозерная фАвл ХАРГ 2025.pdf.json: [Errno 2] No such file or directory: '/home/mint/smart-db/CHUNKS_STAGING/Лазурная ввод В110 Межозерная фАвл ХАРГ 2025.pdf.json'
2026-06-16 15:19:13,720 [ERROR] Unexpected error processing Лазурная ввод В110 Межозерная фАвл ХАРГ 2025.pdf.json: [Errno 2] No such file or directory: '/home/mint/smart-db/CHUNKS_STAGING/Лазурная ввод В110 Межозерная фАвл ХАРГ 2025.pdf.json'
2026-06-16 15:19:13,721 [INFO] Uploading ПЗ 2025 02.docx.json ...
2026-06-16 15:19:13,721 [INFO] Uploading ПЗ 2025 02.docx.json ...
2026-06-16 15:19:14,474 [INFO] Successfully embedded ПЗ 2025 02.docx.json.
2026-06-16 15:19:14,474 [INFO] Successfully embedded ПЗ 2025 02.docx.json.
2026-06-16 15:19:14,474 [INFO] Archived ПЗ 2025 02.docx.json.
2026-06-16 15:19:14,474 [INFO] Archived ПЗ 2025 02.docx.json.
2026-06-16 15:19:14,476 [INFO] Uploading ПКР-1 hq_сжато.pdf.json ...
2026-06-16 15:19:14,476 [INFO] Uploading ПКР-1 hq_сжато.pdf.json ...
2026-06-16 15:19:15,026 [INFO] Successfully embedded ПЗ 2025 02.docx.json.
2026-06-16 15:19:15,026 [INFO] Successfully embedded ПЗ 2025 02.docx.json.
2026-06-16 15:19:15,026 [ERROR] Unexpected error processing ПЗ 2025 02.docx.json: [Errno 2] No such file or directory: '/home/mint/smart-db/CHUNKS_STAGING/ПЗ 2025 02.docx.json'
2026-06-16 15:19:15,026 [ERROR] Unexpected error processing ПЗ 2025 02.docx.json: [Errno 2] No such file or directory: '/home/mint/smart-db/CHUNKS_STAGING/ПЗ 2025 02.docx.json'
2026-06-16 15:19:15,028 [INFO] Uploading ПКР-1 hq_сжато.pdf.json ...
2026-06-16 15:19:15,028 [INFO] Uploading ПКР-1 hq_сжато.pdf.json ...
2026-06-16 15:19:23,955 [INFO] Successfully embedded ПКР-1 hq_сжато.pdf.json.
2026-06-16 15:19:23,955 [INFO] Successfully embedded ПКР-1 hq_сжато.pdf.json.
2026-06-16 15:19:23,955 [INFO] Archived ПКР-1 hq_сжато.pdf.json.
2026-06-16 15:19:23,955 [INFO] Archived ПКР-1 hq_сжато.pdf.json.
2026-06-16 15:19:23,956 [INFO] Uploading ПСП ЧЭ ЦЭС СДЗП.pdf.json ...
2026-06-16 15:19:23,956 [INFO] Uploading ПСП ЧЭ ЦЭС СДЗП.pdf.json ...
2026-06-16 15:19:24,998 [INFO] Successfully embedded ПКР-1 hq_сжато.pdf.json.
2026-06-16 15:19:24,998 [INFO] Successfully embedded ПКР-1 hq_сжато.pdf.json.
2026-06-16 15:19:24,999 [ERROR] Unexpected error processing ПКР-1 hq_сжато.pdf.json: [Errno 2] No such file or directory: '/home/mint/smart-db/CHUNKS_STAGING/ПКР-1 hq_сжато.pdf.json'
2026-06-16 15:19:24,999 [ERROR] Unexpected error processing ПКР-1 hq_сжато.pdf.json: [Errno 2] No such file or directory: '/home/mint/smart-db/CHUNKS_STAGING/ПКР-1 hq_сжато.pdf.json'
2026-06-16 15:19:25,000 [INFO] Uploading ПСП ЧЭ ЦЭС СДЗП.pdf.json ...
2026-06-16 15:19:25,000 [INFO] Uploading ПСП ЧЭ ЦЭС СДЗП.pdf.json ...
2026-06-16 15:19:25,224 [INFO] Successfully embedded ПСП ЧЭ ЦЭС СДЗП.pdf.json.
2026-06-16 15:19:25,224 [INFO] Successfully embedded ПСП ЧЭ ЦЭС СДЗП.pdf.json.
2026-06-16 15:19:25,224 [INFO] Archived ПСП ЧЭ ЦЭС СДЗП.pdf.json.
2026-06-16 15:19:25,224 [INFO] Archived ПСП ЧЭ ЦЭС СДЗП.pdf.json.
2026-06-16 15:19:25,225 [INFO] Uploading План-задание корокам 2023.docx.json ...
2026-06-16 15:19:25,225 [INFO] Uploading План-задание корокам 2023.docx.json ...
2026-06-16 15:19:25,472 [INFO] Successfully embedded План-задание корокам 2023.docx.json.
2026-06-16 15:19:25,472 [INFO] Successfully embedded План-задание корокам 2023.docx.json.
2026-06-16 15:19:25,472 [INFO] Archived План-задание корокам 2023.docx.json.
2026-06-16 15:19:25,472 [INFO] Archived План-задание корокам 2023.docx.json.
2026-06-16 15:19:25,472 [INFO] Uploading План-задание приборы 2023.docx.json ...
2026-06-16 15:19:25,472 [INFO] Uploading План-задание приборы 2023.docx.json ...
2026-06-16 15:19:25,738 [INFO] Successfully embedded План-задание приборы 2023.docx.json.
2026-06-16 15:19:25,738 [INFO] Successfully embedded План-задание приборы 2023.docx.json.
2026-06-16 15:19:25,738 [INFO] Archived План-задание приборы 2023.docx.json.
2026-06-16 15:19:25,738 [INFO] Archived План-задание приборы 2023.docx.json.
2026-06-16 15:19:25,739 [INFO] Uploading По доплате ДАИ за вакант должн.docx.json ...
2026-06-16 15:19:25,739 [INFO] Uploading По доплате ДАИ за вакант должн.docx.json ...
2026-06-16 15:19:25,981 [INFO] Successfully embedded По доплате ДАИ за вакант должн.docx.json.
2026-06-16 15:19:25,981 [INFO] Successfully embedded По доплате ДАИ за вакант должн.docx.json.
2026-06-16 15:19:25,981 [INFO] Archived По доплате ДАИ за вакант должн.docx.json.
2026-06-16 15:19:25,981 [INFO] Archived По доплате ДАИ за вакант должн.docx.json.
2026-06-16 15:19:25,982 [INFO] Uploading По доплате Отставнову и Чистякову за вакант должн v3.docx.json ...
2026-06-16 15:19:25,982 [INFO] Uploading По доплате Отставнову и Чистякову за вакант должн v3.docx.json ...
2026-06-16 15:19:26,214 [INFO] Successfully embedded ПСП ЧЭ ЦЭС СДЗП.pdf.json.
2026-06-16 15:19:26,214 [INFO] Successfully embedded ПСП ЧЭ ЦЭС СДЗП.pdf.json.
2026-06-16 15:19:26,214 [ERROR] Unexpected error processing ПСП ЧЭ ЦЭС СДЗП.pdf.json: [Errno 2] No such file or directory: '/home/mint/smart-db/CHUNKS_STAGING/ПСП ЧЭ ЦЭС СДЗП.pdf.json'
2026-06-16 15:19:26,214 [ERROR] Unexpected error processing ПСП ЧЭ ЦЭС СДЗП.pdf.json: [Errno 2] No such file or directory: '/home/mint/smart-db/CHUNKS_STAGING/ПСП ЧЭ ЦЭС СДЗП.pdf.json'
2026-06-16 15:19:26,214 [ERROR] Unexpected error processing План-задание корокам 2023.docx.json: [Errno 2] No such file or directory: '/home/mint/smart-db/CHUNKS_STAGING/План-задание корокам 2023.docx.json'
2026-06-16 15:19:26,214 [ERROR] Unexpected error processing План-задание корокам 2023.docx.json: [Errno 2] No such file or directory: '/home/mint/smart-db/CHUNKS_STAGING/План-задание корокам 2023.docx.json'
2026-06-16 15:19:26,214 [ERROR] Unexpected error processing План-задание приборы 2023.docx.json: [Errno 2] No such file or directory: '/home/mint/smart-db/CHUNKS_STAGING/План-задание приборы 2023.docx.json'
2026-06-16 15:19:26,214 [ERROR] Unexpected error processing План-задание приборы 2023.docx.json: [Errno 2] No such file or directory: '/home/mint/smart-db/CHUNKS_STAGING/План-задание приборы 2023.docx.json'
2026-06-16 15:19:26,214 [ERROR] Unexpected error processing По доплате ДАИ за вакант должн.docx.json: [Errno 2] No such file or directory: '/home/mint/smart-db/CHUNKS_STAGING/По доплате ДАИ за вакант должн.docx.json'
2026-06-16 15:19:26,214 [ERROR] Unexpected error processing По доплате ДАИ за вакант должн.docx.json: [Errno 2] No such file or directory: '/home/mint/smart-db/CHUNKS_STAGING/По доплате ДАИ за вакант должн.docx.json'
2026-06-16 15:19:26,214 [INFO] Uploading По доплате Отставнову и Чистякову за вакант должн v3.docx.json ...
2026-06-16 15:19:26,214 [INFO] Uploading По доплате Отставнову и Чистякову за вакант должн v3.docx.json ...
2026-06-16 15:19:26,266 [INFO] Successfully embedded По доплате Отставнову и Чистякову за вакант должн v3.docx.json.
2026-06-16 15:19:26,266 [INFO] Successfully embedded По доплате Отставнову и Чистякову за вакант должн v3.docx.json.
2026-06-16 15:19:26,266 [INFO] Archived По доплате Отставнову и Чистякову за вакант должн v3.docx.json.
2026-06-16 15:19:26,266 [INFO] Archived По доплате Отставнову и Чистякову за вакант должн v3.docx.json.
2026-06-16 15:19:26,266 [INFO] Uploading По доплате ХАА.docx.json ...
2026-06-16 15:19:26,266 [INFO] Uploading По доплате ХАА.docx.json ...
2026-06-16 15:19:26,466 [INFO] Successfully embedded По доплате Отставнову и Чистякову за вакант должн v3.docx.json.
2026-06-16 15:19:26,466 [INFO] Successfully embedded По доплате Отставнову и Чистякову за вакант должн v3.docx.json.
2026-06-16 15:19:26,466 [ERROR] Unexpected error processing По доплате Отставнову и Чистякову за вакант должн v3.docx.json: [Errno 2] No such file or directory: '/home/mint/smart-db/CHUNKS_STAGING/По доплате Отставнову и Чистякову за вакант должн v3.docx.json'
2026-06-16 15:19:26,466 [ERROR] Unexpected error processing По доплате Отставнову и Чистякову за вакант должн v3.docx.json: [Errno 2] No such file or directory: '/home/mint/smart-db/CHUNKS_STAGING/По доплате Отставнову и Чистякову за вакант должн v3.docx.json'
2026-06-16 15:19:26,467 [INFO] Uploading По доплате ХАА.docx.json ...
2026-06-16 15:19:26,467 [INFO] Uploading По доплате ХАА.docx.json ...
2026-06-16 15:19:26,522 [INFO] Successfully embedded По доплате ХАА.docx.json.
2026-06-16 15:19:26,522 [INFO] Successfully embedded По доплате ХАА.docx.json.
2026-06-16 15:19:26,522 [INFO] Archived По доплате ХАА.docx.json.
2026-06-16 15:19:26,522 [INFO] Archived По доплате ХАА.docx.json.
2026-06-16 15:19:26,523 [INFO] Uploading Прил. 1 План задание.docx.json ...
2026-06-16 15:19:26,523 [INFO] Uploading Прил. 1 План задание.docx.json ...
2026-06-16 15:19:26,770 [INFO] Successfully embedded По доплате ХАА.docx.json.
2026-06-16 15:19:26,770 [INFO] Successfully embedded По доплате ХАА.docx.json.
2026-06-16 15:19:26,770 [ERROR] Unexpected error processing По доплате ХАА.docx.json: [Errno 2] No such file or directory: '/home/mint/smart-db/CHUNKS_STAGING/По доплате ХАА.docx.json'
2026-06-16 15:19:26,770 [ERROR] Unexpected error processing По доплате ХАА.docx.json: [Errno 2] No such file or directory: '/home/mint/smart-db/CHUNKS_STAGING/По доплате ХАА.docx.json'
2026-06-16 15:19:26,770 [INFO] Uploading Прил. 1 План задание.docx.json ...
2026-06-16 15:19:26,770 [INFO] Uploading Прил. 1 План задание.docx.json ...
2026-06-16 15:19:26,816 [INFO] Successfully embedded Прил. 1 План задание.docx.json.
2026-06-16 15:19:26,816 [INFO] Successfully embedded Прил. 1 План задание.docx.json.
2026-06-16 15:19:26,816 [INFO] Archived Прил. 1 План задание.docx.json.
2026-06-16 15:19:26,816 [INFO] Archived Прил. 1 План задание.docx.json.
2026-06-16 15:19:26,817 [INFO] Uploading Служебная записка возложение обязанностей АЮА-БЮВ 2025 ...docx.json ...
2026-06-16 15:19:26,817 [INFO] Uploading Служебная записка возложение обязанностей АЮА-БЮВ 2025 ...docx.json ...
2026-06-16 15:19:27,058 [INFO] Successfully embedded Служебная записка возложение обязанностей АЮА-БЮВ 2025 ...docx.json.
2026-06-16 15:19:27,058 [INFO] Successfully embedded Служебная записка возложение обязанностей АЮА-БЮВ 2025 ...docx.json.
2026-06-16 15:19:27,059 [INFO] Archived Служебная записка возложение обязанностей АЮА-БЮВ 2025 ...docx.json.
2026-06-16 15:19:27,059 [INFO] Archived Служебная записка возложение обязанностей АЮА-БЮВ 2025 ...docx.json.
2026-06-16 15:19:27,059 [INFO] Uploading Служебная записка возложение обязанностей АЮА-БЮВ 2025.docx.json ...
2026-06-16 15:19:27,059 [INFO] Uploading Служебная записка возложение обязанностей АЮА-БЮВ 2025.docx.json ...
2026-06-16 15:19:27,107 [INFO] Successfully embedded Прил. 1 План задание.docx.json.
2026-06-16 15:19:27,107 [INFO] Successfully embedded Прил. 1 План задание.docx.json.
2026-06-16 15:19:27,107 [ERROR] Unexpected error processing Прил. 1 План задание.docx.json: [Errno 2] No such file or directory: '/home/mint/smart-db/CHUNKS_STAGING/Прил. 1 План задание.docx.json'
2026-06-16 15:19:27,107 [ERROR] Unexpected error processing Прил. 1 План задание.docx.json: [Errno 2] No such file or directory: '/home/mint/smart-db/CHUNKS_STAGING/Прил. 1 План задание.docx.json'
2026-06-16 15:19:27,107 [ERROR] Unexpected error processing Служебная записка возложение обязанностей АЮА-БЮВ 2025 ...docx.json: [Errno 2] No such file or directory: '/home/mint/smart-db/CHUNKS_STAGING/Служебная записка возложение обязанностей АЮА-БЮВ 2025 ...docx.json'
2026-06-16 15:19:27,107 [ERROR] Unexpected error processing Служебная записка возложение обязанностей АЮА-БЮВ 2025 ...docx.json: [Errno 2] No such file or directory: '/home/mint/smart-db/CHUNKS_STAGING/Служебная записка возложение обязанностей АЮА-БЮВ 2025 ...docx.json'
2026-06-16 15:19:27,107 [INFO] Uploading Служебная записка возложение обязанностей АЮА-БЮВ 2025.docx.json ...
2026-06-16 15:19:27,107 [INFO] Uploading Служебная записка возложение обязанностей АЮА-БЮВ 2025.docx.json ...
2026-06-16 15:19:27,333 [INFO] Successfully embedded Служебная записка возложение обязанностей АЮА-БЮВ 2025.docx.json.
2026-06-16 15:19:27,333 [INFO] Successfully embedded Служебная записка возложение обязанностей АЮА-БЮВ 2025.docx.json.
2026-06-16 15:19:27,333 [INFO] Archived Служебная записка возложение обязанностей АЮА-БЮВ 2025.docx.json.
2026-06-16 15:19:27,333 [INFO] Archived Служебная записка возложение обязанностей АЮА-БЮВ 2025.docx.json.
2026-06-16 15:19:27,334 [INFO] Uploading Служебная записка возложение обязанностей АЮА-БЮВ 2026 ....docx.json ...
2026-06-16 15:19:27,334 [INFO] Uploading Служебная записка возложение обязанностей АЮА-БЮВ 2026 ....docx.json ...
2026-06-16 15:19:27,385 [INFO] Successfully embedded Служебная записка возложение обязанностей АЮА-БЮВ 2025.docx.json.
2026-06-16 15:19:27,385 [INFO] Successfully embedded Служебная записка возложение обязанностей АЮА-БЮВ 2025.docx.json.
2026-06-16 15:19:27,385 [ERROR] Unexpected error processing Служебная записка возложение обязанностей АЮА-БЮВ 2025.docx.json: [Errno 2] No such file or directory: '/home/mint/smart-db/CHUNKS_STAGING/Служебная записка возложение обязанностей АЮА-БЮВ 2025.docx.json'
2026-06-16 15:19:27,385 [ERROR] Unexpected error processing Служебная записка возложение обязанностей АЮА-БЮВ 2025.docx.json: [Errno 2] No such file or directory: '/home/mint/smart-db/CHUNKS_STAGING/Служебная записка возложение обязанностей АЮА-БЮВ 2025.docx.json'
2026-06-16 15:19:27,385 [INFO] Uploading Служебная записка возложение обязанностей АЮА-БЮВ 2026 ....docx.json ...
2026-06-16 15:19:27,385 [INFO] Uploading Служебная записка возложение обязанностей АЮА-БЮВ 2026 ....docx.json ...
2026-06-16 15:19:27,578 [INFO] Successfully embedded Служебная записка возложение обязанностей АЮА-БЮВ 2026 ....docx.json.
2026-06-16 15:19:27,578 [INFO] Successfully embedded Служебная записка возложение обязанностей АЮА-БЮВ 2026 ....docx.json.
2026-06-16 15:19:27,578 [INFO] Archived Служебная записка возложение обязанностей АЮА-БЮВ 2026 ....docx.json.
2026-06-16 15:19:27,578 [INFO] Archived Служебная записка возложение обязанностей АЮА-БЮВ 2026 ....docx.json.
2026-06-16 15:19:27,578 [INFO] Uploading Служебная записка возложение обязанностей АЮА-БЮВ 2026 ...docx.json ...
2026-06-16 15:19:27,578 [INFO] Uploading Служебная записка возложение обязанностей АЮА-БЮВ 2026 ...docx.json ...
2026-06-16 15:19:27,635 [INFO] Successfully embedded Служебная записка возложение обязанностей АЮА-БЮВ 2026 ....docx.json.
2026-06-16 15:19:27,635 [INFO] Successfully embedded Служебная записка возложение обязанностей АЮА-БЮВ 2026 ....docx.json.
2026-06-16 15:19:27,635 [ERROR] Unexpected error processing Служебная записка возложение обязанностей АЮА-БЮВ 2026 ....docx.json: [Errno 2] No such file or directory: '/home/mint/smart-db/CHUNKS_STAGING/Служебная записка возложение обязанностей АЮА-БЮВ 2026 ....docx.json'
2026-06-16 15:19:27,635 [ERROR] Unexpected error processing Служебная записка возложение обязанностей АЮА-БЮВ 2026 ....docx.json: [Errno 2] No such file or directory: '/home/mint/smart-db/CHUNKS_STAGING/Служебная записка возложение обязанностей АЮА-БЮВ 2026 ....docx.json'
2026-06-16 15:19:27,635 [INFO] Uploading Служебная записка возложение обязанностей АЮА-БЮВ 2026 ...docx.json ...
2026-06-16 15:19:27,635 [INFO] Uploading Служебная записка возложение обязанностей АЮА-БЮВ 2026 ...docx.json ...
2026-06-16 15:19:27,827 [INFO] Successfully embedded Служебная записка возложение обязанностей АЮА-БЮВ 2026 ...docx.json.
2026-06-16 15:19:27,827 [INFO] Successfully embedded Служебная записка возложение обязанностей АЮА-БЮВ 2026 ...docx.json.
2026-06-16 15:19:27,827 [INFO] Archived Служебная записка возложение обязанностей АЮА-БЮВ 2026 ...docx.json.
2026-06-16 15:19:27,827 [INFO] Archived Служебная записка возложение обязанностей АЮА-БЮВ 2026 ...docx.json.
2026-06-16 15:19:27,828 [INFO] Uploading Служебная записка возложение обязанностей АЮА-БЮВ 2026.docx.json ...
2026-06-16 15:19:27,828 [INFO] Uploading Служебная записка возложение обязанностей АЮА-БЮВ 2026.docx.json ...
2026-06-16 15:19:27,886 [INFO] Successfully embedded Служебная записка возложение обязанностей АЮА-БЮВ 2026 ...docx.json.
2026-06-16 15:19:27,886 [INFO] Successfully embedded Служебная записка возложение обязанностей АЮА-БЮВ 2026 ...docx.json.
2026-06-16 15:19:27,886 [ERROR] Unexpected error processing Служебная записка возложение обязанностей АЮА-БЮВ 2026 ...docx.json: [Errno 2] No such file or directory: '/home/mint/smart-db/CHUNKS_STAGING/Служебная записка возложение обязанностей АЮА-БЮВ 2026 ...docx.json'
2026-06-16 15:19:27,886 [ERROR] Unexpected error processing Служебная записка возложение обязанностей АЮА-БЮВ 2026 ...docx.json: [Errno 2] No such file or directory: '/home/mint/smart-db/CHUNKS_STAGING/Служебная записка возложение обязанностей АЮА-БЮВ 2026 ...docx.json'
2026-06-16 15:19:27,887 [INFO] Uploading Служебная записка возложение обязанностей АЮА-БЮВ 2026.docx.json ...
2026-06-16 15:19:27,887 [INFO] Uploading Служебная записка возложение обязанностей АЮА-БЮВ 2026.docx.json ...
2026-06-16 15:19:28,089 [INFO] Successfully embedded Служебная записка возложение обязанностей АЮА-БЮВ 2026.docx.json.
2026-06-16 15:19:28,089 [INFO] Successfully embedded Служебная записка возложение обязанностей АЮА-БЮВ 2026.docx.json.
2026-06-16 15:19:28,089 [INFO] Archived Служебная записка возложение обязанностей АЮА-БЮВ 2026.docx.json.
2026-06-16 15:19:28,089 [INFO] Archived Служебная записка возложение обязанностей АЮА-БЮВ 2026.docx.json.
2026-06-16 15:19:28,090 [INFO] Uploading Служебная записка возложение обязанностей БАГ-ХАА3 — копия.docx.json ...
2026-06-16 15:19:28,090 [INFO] Uploading Служебная записка возложение обязанностей БАГ-ХАА3 — копия.docx.json ...
2026-06-16 15:19:28,147 [INFO] Successfully embedded Служебная записка возложение обязанностей АЮА-БЮВ 2026.docx.json.
2026-06-16 15:19:28,147 [INFO] Successfully embedded Служебная записка возложение обязанностей АЮА-БЮВ 2026.docx.json.
2026-06-16 15:19:28,147 [ERROR] Unexpected error processing Служебная записка возложение обязанностей АЮА-БЮВ 2026.docx.json: [Errno 2] No such file or directory: '/home/mint/smart-db/CHUNKS_STAGING/Служебная записка возложение обязанностей АЮА-БЮВ 2026.docx.json'
2026-06-16 15:19:28,147 [ERROR] Unexpected error processing Служебная записка возложение обязанностей АЮА-БЮВ 2026.docx.json: [Errno 2] No such file or directory: '/home/mint/smart-db/CHUNKS_STAGING/Служебная записка возложение обязанностей АЮА-БЮВ 2026.docx.json'
2026-06-16 15:19:28,147 [INFO] Uploading Служебная записка возложение обязанностей БАГ-ХАА3 — копия.docx.json ...
2026-06-16 15:19:28,147 [INFO] Uploading Служебная записка возложение обязанностей БАГ-ХАА3 — копия.docx.json ...
2026-06-16 15:19:28,355 [INFO] Successfully embedded Служебная записка возложение обязанностей БАГ-ХАА3 — копия.docx.json.
2026-06-16 15:19:28,355 [INFO] Successfully embedded Служебная записка возложение обязанностей БАГ-ХАА3 — копия.docx.json.
2026-06-16 15:19:28,355 [INFO] Archived Служебная записка возложение обязанностей БАГ-ХАА3 — копия.docx.json.
2026-06-16 15:19:28,355 [INFO] Archived Служебная записка возложение обязанностей БАГ-ХАА3 — копия.docx.json.
2026-06-16 15:19:28,356 [INFO] Uploading Служебная записка возложение обязанностей БАГ-ХАА3.doc.json ...
2026-06-16 15:19:28,356 [INFO] Uploading Служебная записка возложение обязанностей БАГ-ХАА3.doc.json ...
2026-06-16 15:19:28,403 [INFO] Successfully embedded Служебная записка возложение обязанностей БАГ-ХАА3 — копия.docx.json.
2026-06-16 15:19:28,403 [INFO] Successfully embedded Служебная записка возложение обязанностей БАГ-ХАА3 — копия.docx.json.
2026-06-16 15:19:28,403 [ERROR] Unexpected error processing Служебная записка возложение обязанностей БАГ-ХАА3 — копия.docx.json: [Errno 2] No such file or directory: '/home/mint/smart-db/CHUNKS_STAGING/Служебная записка возложение обязанностей БАГ-ХАА3 — копия.docx.json'
2026-06-16 15:19:28,403 [ERROR] Unexpected error processing Служебная записка возложение обязанностей БАГ-ХАА3 — копия.docx.json: [Errno 2] No such file or directory: '/home/mint/smart-db/CHUNKS_STAGING/Служебная записка возложение обязанностей БАГ-ХАА3 — копия.docx.json'
2026-06-16 15:19:28,404 [INFO] Uploading Служебная записка возложение обязанностей БАГ-ХАА3.doc.json ...
2026-06-16 15:19:28,404 [INFO] Uploading Служебная записка возложение обязанностей БАГ-ХАА3.doc.json ...
2026-06-16 15:19:28,649 [INFO] Successfully embedded Служебная записка возложение обязанностей БАГ-ХАА3.doc.json.
2026-06-16 15:19:28,649 [INFO] Successfully embedded Служебная записка возложение обязанностей БАГ-ХАА3.doc.json.
2026-06-16 15:19:28,649 [INFO] Archived Служебная записка возложение обязанностей БАГ-ХАА3.doc.json.
2026-06-16 15:19:28,649 [INFO] Archived Служебная записка возложение обязанностей БАГ-ХАА3.doc.json.
2026-06-16 15:19:28,650 [INFO] Uploading Служебная записка возложение обязанностей БЮВ-АЮА !!.docx.json ...
2026-06-16 15:19:28,650 [INFO] Uploading Служебная записка возложение обязанностей БЮВ-АЮА !!.docx.json ...
2026-06-16 15:19:28,698 [INFO] Successfully embedded Служебная записка возложение обязанностей БАГ-ХАА3.doc.json.
2026-06-16 15:19:28,698 [INFO] Successfully embedded Служебная записка возложение обязанностей БАГ-ХАА3.doc.json.
2026-06-16 15:19:28,698 [ERROR] Unexpected error processing Служебная записка возложение обязанностей БАГ-ХАА3.doc.json: [Errno 2] No such file or directory: '/home/mint/smart-db/CHUNKS_STAGING/Служебная записка возложение обязанностей БАГ-ХАА3.doc.json'
2026-06-16 15:19:28,698 [ERROR] Unexpected error processing Служебная записка возложение обязанностей БАГ-ХАА3.doc.json: [Errno 2] No such file or directory: '/home/mint/smart-db/CHUNKS_STAGING/Служебная записка возложение обязанностей БАГ-ХАА3.doc.json'
2026-06-16 15:19:28,698 [INFO] Uploading Служебная записка возложение обязанностей БЮВ-АЮА !!.docx.json ...
2026-06-16 15:19:28,698 [INFO] Uploading Служебная записка возложение обязанностей БЮВ-АЮА !!.docx.json ...
2026-06-16 15:19:28,938 [INFO] Successfully embedded Служебная записка возложение обязанностей БЮВ-АЮА !!.docx.json.
2026-06-16 15:19:28,938 [INFO] Successfully embedded Служебная записка возложение обязанностей БЮВ-АЮА !!.docx.json.
2026-06-16 15:19:28,939 [INFO] Archived Служебная записка возложение обязанностей БЮВ-АЮА !!.docx.json.
2026-06-16 15:19:28,939 [INFO] Archived Служебная записка возложение обязанностей БЮВ-АЮА !!.docx.json.
2026-06-16 15:19:28,939 [INFO] Uploading Служебная записка возложение обязанностей БЮВ-АЮА (6).doc.json ...
2026-06-16 15:19:28,939 [INFO] Uploading Служебная записка возложение обязанностей БЮВ-АЮА (6).doc.json ...
2026-06-16 15:19:28,987 [INFO] Successfully embedded Служебная записка возложение обязанностей БЮВ-АЮА !!.docx.json.
2026-06-16 15:19:28,987 [INFO] Successfully embedded Служебная записка возложение обязанностей БЮВ-АЮА !!.docx.json.
2026-06-16 15:19:28,987 [ERROR] Unexpected error processing Служебная записка возложение обязанностей БЮВ-АЮА !!.docx.json: [Errno 2] No such file or directory: '/home/mint/smart-db/CHUNKS_STAGING/Служебная записка возложение обязанностей БЮВ-АЮА !!.docx.json'
2026-06-16 15:19:28,987 [ERROR] Unexpected error processing Служебная записка возложение обязанностей БЮВ-АЮА !!.docx.json: [Errno 2] No such file or directory: '/home/mint/smart-db/CHUNKS_STAGING/Служебная записка возложение обязанностей БЮВ-АЮА !!.docx.json'
2026-06-16 15:19:28,987 [INFO] Uploading Служебная записка возложение обязанностей БЮВ-АЮА (6).doc.json ...
2026-06-16 15:19:28,987 [INFO] Uploading Служебная записка возложение обязанностей БЮВ-АЮА (6).doc.json ...
2026-06-16 15:19:29,223 [INFO] Successfully embedded Служебная записка возложение обязанностей БЮВ-АЮА (6).doc.json.
2026-06-16 15:19:29,223 [INFO] Successfully embedded Служебная записка возложение обязанностей БЮВ-АЮА (6).doc.json.
2026-06-16 15:19:29,223 [INFO] Archived Служебная записка возложение обязанностей БЮВ-АЮА (6).doc.json.
2026-06-16 15:19:29,223 [INFO] Archived Служебная записка возложение обязанностей БЮВ-АЮА (6).doc.json.
2026-06-16 15:19:29,223 [INFO] Uploading Служебная записка возложение обязанностей БЮВ-АЮА 25.02.docx.json ...
2026-06-16 15:19:29,223 [INFO] Uploading Служебная записка возложение обязанностей БЮВ-АЮА 25.02.docx.json ...
2026-06-16 15:19:29,271 [INFO] Successfully embedded Служебная записка возложение обязанностей БЮВ-АЮА (6).doc.json.
2026-06-16 15:19:29,271 [INFO] Successfully embedded Служебная записка возложение обязанностей БЮВ-АЮА (6).doc.json.
2026-06-16 15:19:29,272 [ERROR] Unexpected error processing Служебная записка возложение обязанностей БЮВ-АЮА (6).doc.json: [Errno 2] No such file or directory: '/home/mint/smart-db/CHUNKS_STAGING/Служебная записка возложение обязанностей БЮВ-АЮА (6).doc.json'
2026-06-16 15:19:29,272 [ERROR] Unexpected error processing Служебная записка возложение обязанностей БЮВ-АЮА (6).doc.json: [Errno 2] No such file or directory: '/home/mint/smart-db/CHUNKS_STAGING/Служебная записка возложение обязанностей БЮВ-АЮА (6).doc.json'
2026-06-16 15:19:29,272 [INFO] Uploading Служебная записка возложение обязанностей БЮВ-АЮА 25.02.docx.json ...
2026-06-16 15:19:29,272 [INFO] Uploading Служебная записка возложение обязанностей БЮВ-АЮА 25.02.docx.json ...
2026-06-16 15:19:29,505 [INFO] Successfully embedded Служебная записка возложение обязанностей БЮВ-АЮА 25.02.docx.json.
2026-06-16 15:19:29,505 [INFO] Successfully embedded Служебная записка возложение обязанностей БЮВ-АЮА 25.02.docx.json.
2026-06-16 15:19:29,505 [INFO] Archived Служебная записка возложение обязанностей БЮВ-АЮА 25.02.docx.json.
2026-06-16 15:19:29,505 [INFO] Archived Служебная записка возложение обязанностей БЮВ-АЮА 25.02.docx.json.
2026-06-16 15:19:29,506 [INFO] Uploading Служебная записка возложение обязанностей БЮВ-ХАА 23.03 (2).docx.json ...
2026-06-16 15:19:29,506 [INFO] Uploading Служебная записка возложение обязанностей БЮВ-ХАА 23.03 (2).docx.json ...
2026-06-16 15:19:29,561 [INFO] Successfully embedded Служебная записка возложение обязанностей БЮВ-АЮА 25.02.docx.json.
2026-06-16 15:19:29,561 [INFO] Successfully embedded Служебная записка возложение обязанностей БЮВ-АЮА 25.02.docx.json.
2026-06-16 15:19:29,561 [ERROR] Unexpected error processing Служебная записка возложение обязанностей БЮВ-АЮА 25.02.docx.json: [Errno 2] No such file or directory: '/home/mint/smart-db/CHUNKS_STAGING/Служебная записка возложение обязанностей БЮВ-АЮА 25.02.docx.json'
2026-06-16 15:19:29,561 [ERROR] Unexpected error processing Служебная записка возложение обязанностей БЮВ-АЮА 25.02.docx.json: [Errno 2] No such file or directory: '/home/mint/smart-db/CHUNKS_STAGING/Служебная записка возложение обязанностей БЮВ-АЮА 25.02.docx.json'
2026-06-16 15:19:29,562 [INFO] Uploading Служебная записка возложение обязанностей БЮВ-ХАА 23.03 (2).docx.json ...
2026-06-16 15:19:29,562 [INFO] Uploading Служебная записка возложение обязанностей БЮВ-ХАА 23.03 (2).docx.json ...
2026-06-16 15:19:29,797 [INFO] Successfully embedded Служебная записка возложение обязанностей БЮВ-ХАА 23.03 (2).docx.json.
2026-06-16 15:19:29,797 [INFO] Successfully embedded Служебная записка возложение обязанностей БЮВ-ХАА 23.03 (2).docx.json.
2026-06-16 15:19:29,797 [INFO] Archived Служебная записка возложение обязанностей БЮВ-ХАА 23.03 (2).docx.json.
2026-06-16 15:19:29,797 [INFO] Archived Служебная записка возложение обязанностей БЮВ-ХАА 23.03 (2).docx.json.
2026-06-16 15:19:29,797 [INFO] Uploading Служебная записка возложение обязанностей ВЕЮ-МАБ,,.docx.json ...
2026-06-16 15:19:29,797 [INFO] Uploading Служебная записка возложение обязанностей ВЕЮ-МАБ,,.docx.json ...
2026-06-16 15:19:29,850 [INFO] Successfully embedded Служебная записка возложение обязанностей БЮВ-ХАА 23.03 (2).docx.json.
2026-06-16 15:19:29,850 [INFO] Successfully embedded Служебная записка возложение обязанностей БЮВ-ХАА 23.03 (2).docx.json.
2026-06-16 15:19:29,850 [ERROR] Unexpected error processing Служебная записка возложение обязанностей БЮВ-ХАА 23.03 (2).docx.json: [Errno 2] No such file or directory: '/home/mint/smart-db/CHUNKS_STAGING/Служебная записка возложение обязанностей БЮВ-ХАА 23.03 (2).docx.json'
2026-06-16 15:19:29,850 [ERROR] Unexpected error processing Служебная записка возложение обязанностей БЮВ-ХАА 23.03 (2).docx.json: [Errno 2] No such file or directory: '/home/mint/smart-db/CHUNKS_STAGING/Служебная записка возложение обязанностей БЮВ-ХАА 23.03 (2).docx.json'
2026-06-16 15:19:29,851 [INFO] Uploading Служебная записка возложение обязанностей ВЕЮ-МАБ,,.docx.json ...
2026-06-16 15:19:29,851 [INFO] Uploading Служебная записка возложение обязанностей ВЕЮ-МАБ,,.docx.json ...
2026-06-16 15:19:30,048 [INFO] Successfully embedded Служебная записка возложение обязанностей ВЕЮ-МАБ,,.docx.json.
2026-06-16 15:19:30,048 [INFO] Successfully embedded Служебная записка возложение обязанностей ВЕЮ-МАБ,,.docx.json.
2026-06-16 15:19:30,048 [INFO] Archived Служебная записка возложение обязанностей ВЕЮ-МАБ,,.docx.json.
2026-06-16 15:19:30,048 [INFO] Archived Служебная записка возложение обязанностей ВЕЮ-МАБ,,.docx.json.
2026-06-16 15:19:30,048 [INFO] Uploading Служебная записка возложение обязанностей ВЕЮ-МАБ.docx.json ...
2026-06-16 15:19:30,048 [INFO] Uploading Служебная записка возложение обязанностей ВЕЮ-МАБ.docx.json ...
2026-06-16 15:19:30,115 [INFO] Successfully embedded Служебная записка возложение обязанностей ВЕЮ-МАБ,,.docx.json.
2026-06-16 15:19:30,115 [INFO] Successfully embedded Служебная записка возложение обязанностей ВЕЮ-МАБ,,.docx.json.
2026-06-16 15:19:30,116 [ERROR] Unexpected error processing Служебная записка возложение обязанностей ВЕЮ-МАБ,,.docx.json: [Errno 2] No such file or directory: '/home/mint/smart-db/CHUNKS_STAGING/Служебная записка возложение обязанностей ВЕЮ-МАБ,,.docx.json'
2026-06-16 15:19:30,116 [ERROR] Unexpected error processing Служебная записка возложение обязанностей ВЕЮ-МАБ,,.docx.json: [Errno 2] No such file or directory: '/home/mint/smart-db/CHUNKS_STAGING/Служебная записка возложение обязанностей ВЕЮ-МАБ,,.docx.json'
2026-06-16 15:19:30,117 [INFO] Uploading Служебная записка возложение обязанностей ВЕЮ-МАБ.docx.json ...
2026-06-16 15:19:30,117 [INFO] Uploading Служебная записка возложение обязанностей ВЕЮ-МАБ.docx.json ...
2026-06-16 15:19:30,330 [INFO] Successfully embedded Служебная записка возложение обязанностей ВЕЮ-МАБ.docx.json.
2026-06-16 15:19:30,330 [INFO] Successfully embedded Служебная записка возложение обязанностей ВЕЮ-МАБ.docx.json.
2026-06-16 15:19:30,331 [INFO] Archived Служебная записка возложение обязанностей ВЕЮ-МАБ.docx.json.
2026-06-16 15:19:30,331 [INFO] Archived Служебная записка возложение обязанностей ВЕЮ-МАБ.docx.json.
2026-06-16 15:19:30,331 [INFO] Uploading Служебная записка возложение обязанностей ДАИ-АЮА (2).docx.json ...
2026-06-16 15:19:30,331 [INFO] Uploading Служебная записка возложение обязанностей ДАИ-АЮА (2).docx.json ...
2026-06-16 15:19:30,382 [INFO] Successfully embedded Служебная записка возложение обязанностей ВЕЮ-МАБ.docx.json.
2026-06-16 15:19:30,382 [INFO] Successfully embedded Служебная записка возложение обязанностей ВЕЮ-МАБ.docx.json.
2026-06-16 15:19:30,382 [ERROR] Unexpected error processing Служебная записка возложение обязанностей ВЕЮ-МАБ.docx.json: [Errno 2] No such file or directory: '/home/mint/smart-db/CHUNKS_STAGING/Служебная записка возложение обязанностей ВЕЮ-МАБ.docx.json'
2026-06-16 15:19:30,382 [ERROR] Unexpected error processing Служебная записка возложение обязанностей ВЕЮ-МАБ.docx.json: [Errno 2] No such file or directory: '/home/mint/smart-db/CHUNKS_STAGING/Служебная записка возложение обязанностей ВЕЮ-МАБ.docx.json'
2026-06-16 15:19:30,383 [INFO] Uploading Служебная записка возложение обязанностей ДАИ-АЮА (2).docx.json ...
2026-06-16 15:19:30,383 [INFO] Uploading Служебная записка возложение обязанностей ДАИ-АЮА (2).docx.json ...
2026-06-16 15:19:30,613 [INFO] Successfully embedded Служебная записка возложение обязанностей ДАИ-АЮА (2).docx.json.
2026-06-16 15:19:30,613 [INFO] Successfully embedded Служебная записка возложение обязанностей ДАИ-АЮА (2).docx.json.
2026-06-16 15:19:30,614 [INFO] Archived Служебная записка возложение обязанностей ДАИ-АЮА (2).docx.json.
2026-06-16 15:19:30,614 [INFO] Archived Служебная записка возложение обязанностей ДАИ-АЮА (2).docx.json.
2026-06-16 15:19:30,614 [INFO] Uploading Служебная записка возложение обязанностей ЗАВ-ЕАЮ (3).doc.json ...
2026-06-16 15:19:30,614 [INFO] Uploading Служебная записка возложение обязанностей ЗАВ-ЕАЮ (3).doc.json ...
2026-06-16 15:19:30,671 [INFO] Successfully embedded Служебная записка возложение обязанностей ДАИ-АЮА (2).docx.json.
2026-06-16 15:19:30,671 [INFO] Successfully embedded Служебная записка возложение обязанностей ДАИ-АЮА (2).docx.json.
2026-06-16 15:19:30,671 [ERROR] Unexpected error processing Служебная записка возложение обязанностей ДАИ-АЮА (2).docx.json: [Errno 2] No such file or directory: '/home/mint/smart-db/CHUNKS_STAGING/Служебная записка возложение обязанностей ДАИ-АЮА (2).docx.json'
2026-06-16 15:19:30,671 [ERROR] Unexpected error processing Служебная записка возложение обязанностей ДАИ-АЮА (2).docx.json: [Errno 2] No such file or directory: '/home/mint/smart-db/CHUNKS_STAGING/Служебная записка возложение обязанностей ДАИ-АЮА (2).docx.json'
2026-06-16 15:19:30,672 [INFO] Uploading Служебная записка возложение обязанностей ЗАВ-ЕАЮ (3).doc.json ...
2026-06-16 15:19:30,672 [INFO] Uploading Служебная записка возложение обязанностей ЗАВ-ЕАЮ (3).doc.json ...
2026-06-16 15:19:30,864 [INFO] Successfully embedded Служебная записка возложение обязанностей ЗАВ-ЕАЮ (3).doc.json.
2026-06-16 15:19:30,864 [INFO] Successfully embedded Служебная записка возложение обязанностей ЗАВ-ЕАЮ (3).doc.json.
2026-06-16 15:19:30,864 [INFO] Archived Служебная записка возложение обязанностей ЗАВ-ЕАЮ (3).doc.json.
2026-06-16 15:19:30,864 [INFO] Archived Служебная записка возложение обязанностей ЗАВ-ЕАЮ (3).doc.json.
2026-06-16 15:19:30,865 [INFO] Uploading Служебная записка возложение обязанностей МАБ-БЮВ 2026 04.docx.json ...
2026-06-16 15:19:30,865 [INFO] Uploading Служебная записка возложение обязанностей МАБ-БЮВ 2026 04.docx.json ...
2026-06-16 15:19:30,926 [INFO] Successfully embedded Служебная записка возложение обязанностей ЗАВ-ЕАЮ (3).doc.json.
2026-06-16 15:19:30,926 [INFO] Successfully embedded Служебная записка возложение обязанностей ЗАВ-ЕАЮ (3).doc.json.
2026-06-16 15:19:30,927 [ERROR] Unexpected error processing Служебная записка возложение обязанностей ЗАВ-ЕАЮ (3).doc.json: [Errno 2] No such file or directory: '/home/mint/smart-db/CHUNKS_STAGING/Служебная записка возложение обязанностей ЗАВ-ЕАЮ (3).doc.json'
2026-06-16 15:19:30,927 [ERROR] Unexpected error processing Служебная записка возложение обязанностей ЗАВ-ЕАЮ (3).doc.json: [Errno 2] No such file or directory: '/home/mint/smart-db/CHUNKS_STAGING/Служебная записка возложение обязанностей ЗАВ-ЕАЮ (3).doc.json'
2026-06-16 15:19:30,927 [INFO] Uploading Служебная записка возложение обязанностей МАБ-БЮВ 2026 04.docx.json ...
2026-06-16 15:19:30,927 [INFO] Uploading Служебная записка возложение обязанностей МАБ-БЮВ 2026 04.docx.json ...
2026-06-16 15:19:31,136 [INFO] Successfully embedded Служебная записка возложение обязанностей МАБ-БЮВ 2026 04.docx.json.
2026-06-16 15:19:31,136 [INFO] Successfully embedded Служебная записка возложение обязанностей МАБ-БЮВ 2026 04.docx.json.
2026-06-16 15:19:31,136 [INFO] Archived Служебная записка возложение обязанностей МАБ-БЮВ 2026 04.docx.json.
2026-06-16 15:19:31,136 [INFO] Archived Служебная записка возложение обязанностей МАБ-БЮВ 2026 04.docx.json.
2026-06-16 15:19:31,137 [INFO] Uploading Служебная записка возложение обязанностей МАБ-ВЕЮ (1).docx.json ...
2026-06-16 15:19:31,137 [INFO] Uploading Служебная записка возложение обязанностей МАБ-ВЕЮ (1).docx.json ...
2026-06-16 15:19:31,196 [INFO] Successfully embedded Служебная записка возложение обязанностей МАБ-БЮВ 2026 04.docx.json.
2026-06-16 15:19:31,196 [INFO] Successfully embedded Служебная записка возложение обязанностей МАБ-БЮВ 2026 04.docx.json.
2026-06-16 15:19:31,196 [ERROR] Unexpected error processing Служебная записка возложение обязанностей МАБ-БЮВ 2026 04.docx.json: [Errno 2] No such file or directory: '/home/mint/smart-db/CHUNKS_STAGING/Служебная записка возложение обязанностей МАБ-БЮВ 2026 04.docx.json'
2026-06-16 15:19:31,196 [ERROR] Unexpected error processing Служебная записка возложение обязанностей МАБ-БЮВ 2026 04.docx.json: [Errno 2] No such file or directory: '/home/mint/smart-db/CHUNKS_STAGING/Служебная записка возложение обязанностей МАБ-БЮВ 2026 04.docx.json'
2026-06-16 15:19:31,197 [INFO] Uploading Служебная записка возложение обязанностей МАБ-ВЕЮ (1).docx.json ...
2026-06-16 15:19:31,197 [INFO] Uploading Служебная записка возложение обязанностей МАБ-ВЕЮ (1).docx.json ...
2026-06-16 15:19:31,407 [INFO] Successfully embedded Служебная записка возложение обязанностей МАБ-ВЕЮ (1).docx.json.
2026-06-16 15:19:31,407 [INFO] Successfully embedded Служебная записка возложение обязанностей МАБ-ВЕЮ (1).docx.json.
2026-06-16 15:19:31,407 [INFO] Archived Служебная записка возложение обязанностей МАБ-ВЕЮ (1).docx.json.
2026-06-16 15:19:31,407 [INFO] Archived Служебная записка возложение обязанностей МАБ-ВЕЮ (1).docx.json.
2026-06-16 15:19:31,407 [INFO] Uploading Служебная записка возложение обязанностей МАБ-ХАА.docx.json ...
2026-06-16 15:19:31,407 [INFO] Uploading Служебная записка возложение обязанностей МАБ-ХАА.docx.json ...
2026-06-16 15:19:31,465 [INFO] Successfully embedded Служебная записка возложение обязанностей МАБ-ВЕЮ (1).docx.json.
2026-06-16 15:19:31,465 [INFO] Successfully embedded Служебная записка возложение обязанностей МАБ-ВЕЮ (1).docx.json.
2026-06-16 15:19:31,465 [ERROR] Unexpected error processing Служебная записка возложение обязанностей МАБ-ВЕЮ (1).docx.json: [Errno 2] No such file or directory: '/home/mint/smart-db/CHUNKS_STAGING/Служебная записка возложение обязанностей МАБ-ВЕЮ (1).docx.json'
2026-06-16 15:19:31,465 [ERROR] Unexpected error processing Служебная записка возложение обязанностей МАБ-ВЕЮ (1).docx.json: [Errno 2] No such file or directory: '/home/mint/smart-db/CHUNKS_STAGING/Служебная записка возложение обязанностей МАБ-ВЕЮ (1).docx.json'
2026-06-16 15:19:31,465 [INFO] Uploading Служебная записка возложение обязанностей МАБ-ХАА.docx.json ...
2026-06-16 15:19:31,465 [INFO] Uploading Служебная записка возложение обязанностей МАБ-ХАА.docx.json ...
2026-06-16 15:19:31,659 [INFO] Successfully embedded Служебная записка возложение обязанностей МАБ-ХАА.docx.json.
2026-06-16 15:19:31,659 [INFO] Successfully embedded Служебная записка возложение обязанностей МАБ-ХАА.docx.json.
2026-06-16 15:19:31,659 [INFO] Archived Служебная записка возложение обязанностей МАБ-ХАА.docx.json.
2026-06-16 15:19:31,659 [INFO] Archived Служебная записка возложение обязанностей МАБ-ХАА.docx.json.
2026-06-16 15:19:31,659 [INFO] Uploading Служебная записка возложение обязанностей МАН-ОДИ (3).doc.json ...
2026-06-16 15:19:31,659 [INFO] Uploading Служебная записка возложение обязанностей МАН-ОДИ (3).doc.json ...
2026-06-16 15:19:31,718 [INFO] Successfully embedded Служебная записка возложение обязанностей МАБ-ХАА.docx.json.
2026-06-16 15:19:31,718 [INFO] Successfully embedded Служебная записка возложение обязанностей МАБ-ХАА.docx.json.
2026-06-16 15:19:31,718 [ERROR] Unexpected error processing Служебная записка возложение обязанностей МАБ-ХАА.docx.json: [Errno 2] No such file or directory: '/home/mint/smart-db/CHUNKS_STAGING/Служебная записка возложение обязанностей МАБ-ХАА.docx.json'
2026-06-16 15:19:31,718 [ERROR] Unexpected error processing Служебная записка возложение обязанностей МАБ-ХАА.docx.json: [Errno 2] No such file or directory: '/home/mint/smart-db/CHUNKS_STAGING/Служебная записка возложение обязанностей МАБ-ХАА.docx.json'
2026-06-16 15:19:31,718 [INFO] Uploading Служебная записка возложение обязанностей МАН-ОДИ (3).doc.json ...
2026-06-16 15:19:31,718 [INFO] Uploading Служебная записка возложение обязанностей МАН-ОДИ (3).doc.json ...
2026-06-16 15:19:31,942 [INFO] Successfully embedded Служебная записка возложение обязанностей МАН-ОДИ (3).doc.json.
2026-06-16 15:19:31,942 [INFO] Successfully embedded Служебная записка возложение обязанностей МАН-ОДИ (3).doc.json.
2026-06-16 15:19:31,942 [INFO] Archived Служебная записка возложение обязанностей МАН-ОДИ (3).doc.json.
2026-06-16 15:19:31,942 [INFO] Archived Служебная записка возложение обязанностей МАН-ОДИ (3).doc.json.
2026-06-16 15:19:31,942 [INFO] Uploading Служебная записка возложение обязанностей МАН-ЧИВ (3).docx.json ...
2026-06-16 15:19:31,942 [INFO] Uploading Служебная записка возложение обязанностей МАН-ЧИВ (3).docx.json ...
2026-06-16 15:19:31,994 [INFO] Successfully embedded Служебная записка возложение обязанностей МАН-ОДИ (3).doc.json.
2026-06-16 15:19:31,994 [INFO] Successfully embedded Служебная записка возложение обязанностей МАН-ОДИ (3).doc.json.
2026-06-16 15:19:31,994 [ERROR] Unexpected error processing Служебная записка возложение обязанностей МАН-ОДИ (3).doc.json: [Errno 2] No such file or directory: '/home/mint/smart-db/CHUNKS_STAGING/Служебная записка возложение обязанностей МАН-ОДИ (3).doc.json'
2026-06-16 15:19:31,994 [ERROR] Unexpected error processing Служебная записка возложение обязанностей МАН-ОДИ (3).doc.json: [Errno 2] No such file or directory: '/home/mint/smart-db/CHUNKS_STAGING/Служебная записка возложение обязанностей МАН-ОДИ (3).doc.json'
2026-06-16 15:19:31,995 [INFO] Uploading Служебная записка возложение обязанностей МАН-ЧИВ (3).docx.json ...
2026-06-16 15:19:31,995 [INFO] Uploading Служебная записка возложение обязанностей МАН-ЧИВ (3).docx.json ...
2026-06-16 15:19:32,241 [INFO] Successfully embedded Служебная записка возложение обязанностей МАН-ЧИВ (3).docx.json.
2026-06-16 15:19:32,241 [INFO] Successfully embedded Служебная записка возложение обязанностей МАН-ЧИВ (3).docx.json.
2026-06-16 15:19:32,241 [INFO] Archived Служебная записка возложение обязанностей МАН-ЧИВ (3).docx.json.
2026-06-16 15:19:32,241 [INFO] Archived Служебная записка возложение обязанностей МАН-ЧИВ (3).docx.json.
2026-06-16 15:19:32,242 [INFO] Uploading Служебная записка возложение обязанностей МКА-ЕАЮ 2025.docx.json ...
2026-06-16 15:19:32,242 [INFO] Uploading Служебная записка возложение обязанностей МКА-ЕАЮ 2025.docx.json ...
2026-06-16 15:19:32,288 [INFO] Successfully embedded Служебная записка возложение обязанностей МАН-ЧИВ (3).docx.json.
2026-06-16 15:19:32,288 [INFO] Successfully embedded Служебная записка возложение обязанностей МАН-ЧИВ (3).docx.json.
2026-06-16 15:19:32,289 [ERROR] Unexpected error processing Служебная записка возложение обязанностей МАН-ЧИВ (3).docx.json: [Errno 2] No such file or directory: '/home/mint/smart-db/CHUNKS_STAGING/Служебная записка возложение обязанностей МАН-ЧИВ (3).docx.json'
2026-06-16 15:19:32,289 [ERROR] Unexpected error processing Служебная записка возложение обязанностей МАН-ЧИВ (3).docx.json: [Errno 2] No such file or directory: '/home/mint/smart-db/CHUNKS_STAGING/Служебная записка возложение обязанностей МАН-ЧИВ (3).docx.json'
2026-06-16 15:19:32,289 [INFO] Uploading Служебная записка возложение обязанностей МКА-ЕАЮ 2025.docx.json ...
2026-06-16 15:19:32,289 [INFO] Uploading Служебная записка возложение обязанностей МКА-ЕАЮ 2025.docx.json ...
2026-06-16 15:19:32,515 [INFO] Successfully embedded Служебная записка возложение обязанностей МКА-ЕАЮ 2025.docx.json.
2026-06-16 15:19:32,515 [INFO] Successfully embedded Служебная записка возложение обязанностей МКА-ЕАЮ 2025.docx.json.
2026-06-16 15:19:32,515 [INFO] Archived Служебная записка возложение обязанностей МКА-ЕАЮ 2025.docx.json.
2026-06-16 15:19:32,515 [INFO] Archived Служебная записка возложение обязанностей МКА-ЕАЮ 2025.docx.json.
2026-06-16 15:19:32,515 [INFO] Uploading Служебная записка возложение обязанностей МКА-ЕАЮ 24.02.docx.json ...
2026-06-16 15:19:32,515 [INFO] Uploading Служебная записка возложение обязанностей МКА-ЕАЮ 24.02.docx.json ...
2026-06-16 15:19:32,566 [INFO] Successfully embedded Служебная записка возложение обязанностей МКА-ЕАЮ 2025.docx.json.
2026-06-16 15:19:32,566 [INFO] Successfully embedded Служебная записка возложение обязанностей МКА-ЕАЮ 2025.docx.json.
2026-06-16 15:19:32,567 [ERROR] Unexpected error processing Служебная записка возложение обязанностей МКА-ЕАЮ 2025.docx.json: [Errno 2] No such file or directory: '/home/mint/smart-db/CHUNKS_STAGING/Служебная записка возложение обязанностей МКА-ЕАЮ 2025.docx.json'
2026-06-16 15:19:32,567 [ERROR] Unexpected error processing Служебная записка возложение обязанностей МКА-ЕАЮ 2025.docx.json: [Errno 2] No such file or directory: '/home/mint/smart-db/CHUNKS_STAGING/Служебная записка возложение обязанностей МКА-ЕАЮ 2025.docx.json'
2026-06-16 15:19:32,567 [INFO] Uploading Служебная записка возложение обязанностей МКА-ЕАЮ 24.02.docx.json ...
2026-06-16 15:19:32,567 [INFO] Uploading Служебная записка возложение обязанностей МКА-ЕАЮ 24.02.docx.json ...
2026-06-16 15:19:32,791 [INFO] Successfully embedded Служебная записка возложение обязанностей МКА-ЕАЮ 24.02.docx.json.
2026-06-16 15:19:32,791 [INFO] Successfully embedded Служебная записка возложение обязанностей МКА-ЕАЮ 24.02.docx.json.
2026-06-16 15:19:32,791 [INFO] Archived Служебная записка возложение обязанностей МКА-ЕАЮ 24.02.docx.json.
2026-06-16 15:19:32,791 [INFO] Archived Служебная записка возложение обязанностей МКА-ЕАЮ 24.02.docx.json.
2026-06-16 15:19:32,792 [INFO] Uploading Служебная записка возложение обязанностей ОДИ ЧИВ вакансия.doc.json ...
2026-06-16 15:19:32,792 [INFO] Uploading Служебная записка возложение обязанностей ОДИ ЧИВ вакансия.doc.json ...
2026-06-16 15:19:32,841 [INFO] Successfully embedded Служебная записка возложение обязанностей МКА-ЕАЮ 24.02.docx.json.
2026-06-16 15:19:32,841 [INFO] Successfully embedded Служебная записка возложение обязанностей МКА-ЕАЮ 24.02.docx.json.
2026-06-16 15:19:32,841 [ERROR] Unexpected error processing Служебная записка возложение обязанностей МКА-ЕАЮ 24.02.docx.json: [Errno 2] No such file or directory: '/home/mint/smart-db/CHUNKS_STAGING/Служебная записка возложение обязанностей МКА-ЕАЮ 24.02.docx.json'
2026-06-16 15:19:32,841 [ERROR] Unexpected error processing Служебная записка возложение обязанностей МКА-ЕАЮ 24.02.docx.json: [Errno 2] No such file or directory: '/home/mint/smart-db/CHUNKS_STAGING/Служебная записка возложение обязанностей МКА-ЕАЮ 24.02.docx.json'
2026-06-16 15:19:32,842 [INFO] Uploading Служебная записка возложение обязанностей ОДИ ЧИВ вакансия.doc.json ...
2026-06-16 15:19:32,842 [INFO] Uploading Служебная записка возложение обязанностей ОДИ ЧИВ вакансия.doc.json ...
2026-06-16 15:19:33,087 [INFO] Successfully embedded Служебная записка возложение обязанностей ОДИ ЧИВ вакансия.doc.json.
2026-06-16 15:19:33,087 [INFO] Successfully embedded Служебная записка возложение обязанностей ОДИ ЧИВ вакансия.doc.json.
2026-06-16 15:19:33,087 [INFO] Archived Служебная записка возложение обязанностей ОДИ ЧИВ вакансия.doc.json.
2026-06-16 15:19:33,087 [INFO] Archived Служебная записка возложение обязанностей ОДИ ЧИВ вакансия.doc.json.
2026-06-16 15:19:33,087 [INFO] Uploading Служебная записка возложение обязанностей ОДИ-УСА.docx.json ...
2026-06-16 15:19:33,087 [INFO] Uploading Служебная записка возложение обязанностей ОДИ-УСА.docx.json ...
2026-06-16 15:19:33,136 [INFO] Successfully embedded Служебная записка возложение обязанностей ОДИ ЧИВ вакансия.doc.json.
2026-06-16 15:19:33,136 [INFO] Successfully embedded Служебная записка возложение обязанностей ОДИ ЧИВ вакансия.doc.json.
2026-06-16 15:19:33,137 [ERROR] Unexpected error processing Служебная записка возложение обязанностей ОДИ ЧИВ вакансия.doc.json: [Errno 2] No such file or directory: '/home/mint/smart-db/CHUNKS_STAGING/Служебная записка возложение обязанностей ОДИ ЧИВ вакансия.doc.json'
2026-06-16 15:19:33,137 [ERROR] Unexpected error processing Служебная записка возложение обязанностей ОДИ ЧИВ вакансия.doc.json: [Errno 2] No such file or directory: '/home/mint/smart-db/CHUNKS_STAGING/Служебная записка возложение обязанностей ОДИ ЧИВ вакансия.doc.json'
2026-06-16 15:19:33,137 [INFO] Uploading Служебная записка возложение обязанностей ОДИ-УСА.docx.json ...
2026-06-16 15:19:33,137 [INFO] Uploading Служебная записка возложение обязанностей ОДИ-УСА.docx.json ...
2026-06-16 15:19:33,393 [INFO] Successfully embedded Служебная записка возложение обязанностей ОДИ-УСА.docx.json.
2026-06-16 15:19:33,393 [INFO] Successfully embedded Служебная записка возложение обязанностей ОДИ-УСА.docx.json.
2026-06-16 15:19:33,393 [INFO] Archived Служебная записка возложение обязанностей ОДИ-УСА.docx.json.
2026-06-16 15:19:33,393 [INFO] Archived Служебная записка возложение обязанностей ОДИ-УСА.docx.json.
2026-06-16 15:19:33,393 [INFO] Uploading Служебная записка возложение обязанностей УСА - ЧИВ.doc.json ...
2026-06-16 15:19:33,393 [INFO] Uploading Служебная записка возложение обязанностей УСА - ЧИВ.doc.json ...
2026-06-16 15:19:33,440 [INFO] Successfully embedded Служебная записка возложение обязанностей ОДИ-УСА.docx.json.
2026-06-16 15:19:33,440 [INFO] Successfully embedded Служебная записка возложение обязанностей ОДИ-УСА.docx.json.
2026-06-16 15:19:33,441 [ERROR] Unexpected error processing Служебная записка возложение обязанностей ОДИ-УСА.docx.json: [Errno 2] No such file or directory: '/home/mint/smart-db/CHUNKS_STAGING/Служебная записка возложение обязанностей ОДИ-УСА.docx.json'
2026-06-16 15:19:33,441 [ERROR] Unexpected error processing Служебная записка возложение обязанностей ОДИ-УСА.docx.json: [Errno 2] No such file or directory: '/home/mint/smart-db/CHUNKS_STAGING/Служебная записка возложение обязанностей ОДИ-УСА.docx.json'
2026-06-16 15:19:33,441 [INFO] Uploading Служебная записка возложение обязанностей УСА - ЧИВ.doc.json ...
2026-06-16 15:19:33,441 [INFO] Uploading Служебная записка возложение обязанностей УСА - ЧИВ.doc.json ...
2026-06-16 15:19:33,664 [INFO] Successfully embedded Служебная записка возложение обязанностей УСА - ЧИВ.doc.json.
2026-06-16 15:19:33,664 [INFO] Successfully embedded Служебная записка возложение обязанностей УСА - ЧИВ.doc.json.
2026-06-16 15:19:33,664 [INFO] Archived Служебная записка возложение обязанностей УСА - ЧИВ.doc.json.
2026-06-16 15:19:33,664 [INFO] Archived Служебная записка возложение обязанностей УСА - ЧИВ.doc.json.
2026-06-16 15:19:33,664 [INFO] Uploading Служебная записка возложение обязанностей УСА - начальник.doc.json ...
2026-06-16 15:19:33,664 [INFO] Uploading Служебная записка возложение обязанностей УСА - начальник.doc.json ...
2026-06-16 15:19:33,711 [INFO] Successfully embedded Служебная записка возложение обязанностей УСА - ЧИВ.doc.json.
2026-06-16 15:19:33,711 [INFO] Successfully embedded Служебная записка возложение обязанностей УСА - ЧИВ.doc.json.
2026-06-16 15:19:33,712 [ERROR] Unexpected error processing Служебная записка возложение обязанностей УСА - ЧИВ.doc.json: [Errno 2] No such file or directory: '/home/mint/smart-db/CHUNKS_STAGING/Служебная записка возложение обязанностей УСА - ЧИВ.doc.json'
2026-06-16 15:19:33,712 [ERROR] Unexpected error processing Служебная записка возложение обязанностей УСА - ЧИВ.doc.json: [Errno 2] No such file or directory: '/home/mint/smart-db/CHUNKS_STAGING/Служебная записка возложение обязанностей УСА - ЧИВ.doc.json'
2026-06-16 15:19:33,712 [INFO] Uploading Служебная записка возложение обязанностей УСА - начальник.doc.json ...
2026-06-16 15:19:33,712 [INFO] Uploading Служебная записка возложение обязанностей УСА - начальник.doc.json ...
2026-06-16 15:19:33,943 [INFO] Successfully embedded Служебная записка возложение обязанностей УСА - начальник.doc.json.
2026-06-16 15:19:33,943 [INFO] Successfully embedded Служебная записка возложение обязанностей УСА - начальник.doc.json.
2026-06-16 15:19:33,944 [INFO] Archived Служебная записка возложение обязанностей УСА - начальник.doc.json.
2026-06-16 15:19:33,944 [INFO] Archived Служебная записка возложение обязанностей УСА - начальник.doc.json.
2026-06-16 15:19:33,944 [INFO] Uploading Служебная записка возложение обязанностей ЧИВ-УСА (2).doc.json ...
2026-06-16 15:19:33,944 [INFO] Uploading Служебная записка возложение обязанностей ЧИВ-УСА (2).doc.json ...
2026-06-16 15:19:33,998 [INFO] Successfully embedded Служебная записка возложение обязанностей УСА - начальник.doc.json.
2026-06-16 15:19:33,998 [INFO] Successfully embedded Служебная записка возложение обязанностей УСА - начальник.doc.json.
2026-06-16 15:19:33,998 [ERROR] Unexpected error processing Служебная записка возложение обязанностей УСА - начальник.doc.json: [Errno 2] No such file or directory: '/home/mint/smart-db/CHUNKS_STAGING/Служебная записка возложение обязанностей УСА - начальник.doc.json'
2026-06-16 15:19:33,998 [ERROR] Unexpected error processing Служебная записка возложение обязанностей УСА - начальник.doc.json: [Errno 2] No such file or directory: '/home/mint/smart-db/CHUNKS_STAGING/Служебная записка возложение обязанностей УСА - начальник.doc.json'
2026-06-16 15:19:33,998 [INFO] Uploading Служебная записка возложение обязанностей ЧИВ-УСА (2).doc.json ...
2026-06-16 15:19:33,998 [INFO] Uploading Служебная записка возложение обязанностей ЧИВ-УСА (2).doc.json ...
2026-06-16 15:19:34,264 [INFO] Successfully embedded Служебная записка возложение обязанностей ЧИВ-УСА (2).doc.json.
2026-06-16 15:19:34,264 [INFO] Successfully embedded Служебная записка возложение обязанностей ЧИВ-УСА (2).doc.json.
2026-06-16 15:19:34,264 [INFO] Archived Служебная записка возложение обязанностей ЧИВ-УСА (2).doc.json.
2026-06-16 15:19:34,264 [INFO] Archived Служебная записка возложение обязанностей ЧИВ-УСА (2).doc.json.
2026-06-16 15:19:34,265 [INFO] Uploading Сугояк В-35 Русская Теча ( ТР).pdf.json ...
2026-06-16 15:19:34,265 [INFO] Uploading Сугояк В-35 Русская Теча ( ТР).pdf.json ...
2026-06-16 15:19:34,316 [INFO] Successfully embedded Служебная записка возложение обязанностей ЧИВ-УСА (2).doc.json.
2026-06-16 15:19:34,316 [INFO] Successfully embedded Служебная записка возложение обязанностей ЧИВ-УСА (2).doc.json.
2026-06-16 15:19:34,317 [ERROR] Unexpected error processing Служебная записка возложение обязанностей ЧИВ-УСА (2).doc.json: [Errno 2] No such file or directory: '/home/mint/smart-db/CHUNKS_STAGING/Служебная записка возложение обязанностей ЧИВ-УСА (2).doc.json'
2026-06-16 15:19:34,317 [ERROR] Unexpected error processing Служебная записка возложение обязанностей ЧИВ-УСА (2).doc.json: [Errno 2] No such file or directory: '/home/mint/smart-db/CHUNKS_STAGING/Служебная записка возложение обязанностей ЧИВ-УСА (2).doc.json'
2026-06-16 15:19:34,317 [INFO] Uploading Сугояк В-35 Русская Теча ( ТР).pdf.json ...
2026-06-16 15:19:34,317 [INFO] Uploading Сугояк В-35 Русская Теча ( ТР).pdf.json ...
2026-06-16 15:19:34,603 [INFO] Successfully embedded Сугояк В-35 Русская Теча ( ТР).pdf.json.
2026-06-16 15:19:34,603 [INFO] Successfully embedded Сугояк В-35 Русская Теча ( ТР).pdf.json.
2026-06-16 15:19:34,603 [INFO] Archived Сугояк В-35 Русская Теча ( ТР).pdf.json.
2026-06-16 15:19:34,603 [INFO] Archived Сугояк В-35 Русская Теча ( ТР).pdf.json.
2026-06-16 15:19:34,604 [INFO] Uploading Схема 2022.docx.json ...
2026-06-16 15:19:34,604 [INFO] Uploading Схема 2022.docx.json ...
2026-06-16 15:19:34,692 [INFO] Successfully embedded Сугояк В-35 Русская Теча ( ТР).pdf.json.
2026-06-16 15:19:34,692 [INFO] Successfully embedded Сугояк В-35 Русская Теча ( ТР).pdf.json.
2026-06-16 15:19:34,692 [ERROR] Unexpected error processing Сугояк В-35 Русская Теча ( ТР).pdf.json: [Errno 2] No such file or directory: '/home/mint/smart-db/CHUNKS_STAGING/Сугояк В-35 Русская Теча ( ТР).pdf.json'
2026-06-16 15:19:34,692 [ERROR] Unexpected error processing Сугояк В-35 Русская Теча ( ТР).pdf.json: [Errno 2] No such file or directory: '/home/mint/smart-db/CHUNKS_STAGING/Сугояк В-35 Русская Теча ( ТР).pdf.json'
2026-06-16 15:19:34,692 [INFO] Uploading Схема 2022.docx.json ...
2026-06-16 15:19:34,692 [INFO] Uploading Схема 2022.docx.json ...
2026-06-16 15:19:34,843 [INFO] Successfully embedded Схема 2022.docx.json.
2026-06-16 15:19:34,843 [INFO] Successfully embedded Схема 2022.docx.json.
2026-06-16 15:19:34,843 [INFO] Archived Схема 2022.docx.json.
2026-06-16 15:19:34,843 [INFO] Archived Схема 2022.docx.json.
2026-06-16 15:19:34,844 [INFO] Uploading Юрину 2023 Ефремов согл.docx.json ...
2026-06-16 15:19:34,844 [INFO] Uploading Юрину 2023 Ефремов согл.docx.json ...
2026-06-16 15:19:34,946 [INFO] Successfully embedded Схема 2022.docx.json.
2026-06-16 15:19:34,946 [INFO] Successfully embedded Схема 2022.docx.json.
2026-06-16 15:19:34,946 [ERROR] Unexpected error processing Схема 2022.docx.json: [Errno 2] No such file or directory: '/home/mint/smart-db/CHUNKS_STAGING/Схема 2022.docx.json'
2026-06-16 15:19:34,946 [ERROR] Unexpected error processing Схема 2022.docx.json: [Errno 2] No such file or directory: '/home/mint/smart-db/CHUNKS_STAGING/Схема 2022.docx.json'
2026-06-16 15:19:34,946 [INFO] Uploading Юрину 2023 Ефремов согл.docx.json ...
2026-06-16 15:19:34,946 [INFO] Uploading Юрину 2023 Ефремов согл.docx.json ...
2026-06-16 15:19:35,098 [INFO] Successfully embedded Юрину 2023 Ефремов согл.docx.json.
2026-06-16 15:19:35,098 [INFO] Successfully embedded Юрину 2023 Ефремов согл.docx.json.
2026-06-16 15:19:35,098 [INFO] Archived Юрину 2023 Ефремов согл.docx.json.
2026-06-16 15:19:35,098 [INFO] Archived Юрину 2023 Ефремов согл.docx.json.
2026-06-16 15:19:35,098 [INFO] Uploading Юрину 2023 согл.docx.json ...
2026-06-16 15:19:35,098 [INFO] Uploading Юрину 2023 согл.docx.json ...
2026-06-16 15:19:35,187 [INFO] Successfully embedded Юрину 2023 Ефремов согл.docx.json.
2026-06-16 15:19:35,187 [INFO] Successfully embedded Юрину 2023 Ефремов согл.docx.json.
2026-06-16 15:19:35,187 [ERROR] Unexpected error processing Юрину 2023 Ефремов согл.docx.json: [Errno 2] No such file or directory: '/home/mint/smart-db/CHUNKS_STAGING/Юрину 2023 Ефремов согл.docx.json'
2026-06-16 15:19:35,187 [ERROR] Unexpected error processing Юрину 2023 Ефремов согл.docx.json: [Errno 2] No such file or directory: '/home/mint/smart-db/CHUNKS_STAGING/Юрину 2023 Ефремов согл.docx.json'
2026-06-16 15:19:35,187 [INFO] Uploading Юрину 2023 согл.docx.json ...
2026-06-16 15:19:35,187 [INFO] Uploading Юрину 2023 согл.docx.json ...
2026-06-16 15:19:35,342 [INFO] Successfully embedded Юрину 2023 согл.docx.json.
2026-06-16 15:19:35,342 [INFO] Successfully embedded Юрину 2023 согл.docx.json.
2026-06-16 15:19:35,342 [INFO] Archived Юрину 2023 согл.docx.json.
2026-06-16 15:19:35,342 [INFO] Archived Юрину 2023 согл.docx.json.
2026-06-16 15:19:35,342 [INFO] Uploading совмещение ЧИВ ОДИ ХАА ЕАЮ.pdf.json ...
2026-06-16 15:19:35,342 [INFO] Uploading совмещение ЧИВ ОДИ ХАА ЕАЮ.pdf.json ...
2026-06-16 15:19:35,434 [INFO] Successfully embedded Юрину 2023 согл.docx.json.
2026-06-16 15:19:35,434 [INFO] Successfully embedded Юрину 2023 согл.docx.json.
2026-06-16 15:19:35,434 [ERROR] Unexpected error processing Юрину 2023 согл.docx.json: [Errno 2] No such file or directory: '/home/mint/smart-db/CHUNKS_STAGING/Юрину 2023 согл.docx.json'
2026-06-16 15:19:35,434 [ERROR] Unexpected error processing Юрину 2023 согл.docx.json: [Errno 2] No such file or directory: '/home/mint/smart-db/CHUNKS_STAGING/Юрину 2023 согл.docx.json'
2026-06-16 15:19:35,435 [INFO] Uploading совмещение ЧИВ ОДИ ХАА ЕАЮ.pdf.json ...
2026-06-16 15:19:35,435 [INFO] Uploading совмещение ЧИВ ОДИ ХАА ЕАЮ.pdf.json ...
2026-06-16 15:19:35,584 [INFO] Successfully embedded совмещение ЧИВ ОДИ ХАА ЕАЮ.pdf.json.
2026-06-16 15:19:35,584 [INFO] Successfully embedded совмещение ЧИВ ОДИ ХАА ЕАЮ.pdf.json.
2026-06-16 15:19:35,584 [INFO] Archived совмещение ЧИВ ОДИ ХАА ЕАЮ.pdf.json.
2026-06-16 15:19:35,584 [INFO] Archived совмещение ЧИВ ОДИ ХАА ЕАЮ.pdf.json.
2026-06-16 15:19:35,684 [INFO] Successfully embedded совмещение ЧИВ ОДИ ХАА ЕАЮ.pdf.json.
2026-06-16 15:19:35,684 [INFO] Successfully embedded совмещение ЧИВ ОДИ ХАА ЕАЮ.pdf.json.
2026-06-16 15:19:35,684 [ERROR] Unexpected error processing совмещение ЧИВ ОДИ ХАА ЕАЮ.pdf.json: [Errno 2] No such file or directory: '/home/mint/smart-db/CHUNKS_STAGING/совмещение ЧИВ ОДИ ХАА ЕАЮ.pdf.json'
2026-06-16 15:19:35,684 [ERROR] Unexpected error processing совмещение ЧИВ ОДИ ХАА ЕАЮ.pdf.json: [Errno 2] No such file or directory: '/home/mint/smart-db/CHUNKS_STAGING/совмещение ЧИВ ОДИ ХАА ЕАЮ.pdf.json'
