2026-06-15 09:14:26,512 [INFO] Started upload daemon. Monitoring /home/mint/smart-db/CHUNKS_STAGING
2026-06-15 09:14:26,527 [INFO] Uploading ! 20260515 форма 51_оборуд на контр.xlsx.json ...
2026-06-15 09:29:16,041 [INFO] Successfully embedded ! 20260515 форма 51_оборуд на контр.xlsx.json.
2026-06-15 09:29:16,041 [INFO] Archived ! 20260515 форма 51_оборуд на контр.xlsx.json.
2026-06-15 09:29:16,043 [INFO] Uploading !! Проект к согласованию с изм _09.01.2025_режим редактир_3.docx.json ...
2026-06-15 09:29:31,627 [INFO] Successfully embedded !! Проект к согласованию с изм _09.01.2025_режим редактир_3.docx.json.
2026-06-15 09:29:31,628 [INFO] Archived !! Проект к согласованию с изм _09.01.2025_режим редактир_3.docx.json.
2026-06-15 09:29:31,628 [INFO] Uploading .~lock.Приложение 4 Отчет о прохождении грозового периода 2025_2.xls#.json ...
2026-06-15 09:29:32,939 [INFO] Successfully embedded .~lock.Приложение 4 Отчет о прохождении грозового периода 2025_2.xls#.json.
2026-06-15 09:29:32,940 [INFO] Archived .~lock.Приложение 4 Отчет о прохождении грозового периода 2025_2.xls#.json.
2026-06-15 09:29:32,940 [INFO] Uploading aid-7050.pdf.json ...
2026-06-15 09:29:46,339 [INFO] Successfully embedded aid-7050.pdf.json.
2026-06-15 09:29:46,340 [INFO] Archived aid-7050.pdf.json.
2026-06-15 09:29:46,340 [INFO] Uploading Аргаяшск doc13313020250416102044.pdf.json ...
2026-06-15 09:29:49,362 [INFO] Successfully embedded Аргаяшск doc13313020250416102044.pdf.json.
2026-06-15 09:29:49,362 [INFO] Archived Аргаяшск doc13313020250416102044.pdf.json.
2026-06-15 09:29:49,362 [INFO] Uploading В.А. Обвинцеву 2021.doc.json ...
2026-06-15 09:29:50,681 [INFO] Successfully embedded В.А. Обвинцеву 2021.doc.json.
2026-06-15 09:29:50,681 [INFO] Archived В.А. Обвинцеву 2021.doc.json.
2026-06-15 09:29:50,681 [INFO] Uploading В.А. Обвинцеву АИД УПК в ремонт согл.docx.json ...
2026-06-15 09:29:52,205 [INFO] Successfully embedded В.А. Обвинцеву АИД УПК в ремонт согл.docx.json.
2026-06-15 09:29:52,205 [INFO] Archived В.А. Обвинцеву АИД УПК в ремонт согл.docx.json.
2026-06-15 09:29:52,206 [INFO] Uploading В.А. Обвинцеву АИД в ремонт 202405 согл.docx.json ...
2026-06-15 09:29:53,616 [INFO] Successfully embedded В.А. Обвинцеву АИД в ремонт 202405 согл.docx.json.
2026-06-15 09:29:53,616 [INFO] Archived В.А. Обвинцеву АИД в ремонт 202405 согл.docx.json.
2026-06-15 09:29:53,617 [INFO] Uploading В.А. Обвинцеву КороКам в ремонт 202309 согл.docx.json ...
2026-06-15 09:29:54,944 [INFO] Successfully embedded В.А. Обвинцеву КороКам в ремонт 202309 согл.docx.json.
2026-06-15 09:29:54,945 [INFO] Archived В.А. Обвинцеву КороКам в ремонт 202309 согл.docx.json.
2026-06-15 09:29:54,945 [INFO] Uploading В.А. Обвинцеву Корокам согл.docx.json ...
2026-06-15 09:29:56,306 [INFO] Successfully embedded В.А. Обвинцеву Корокам согл.docx.json.
2026-06-15 09:29:56,306 [INFO] Archived В.А. Обвинцеву Корокам согл.docx.json.
2026-06-15 09:29:56,307 [INFO] Uploading Лист регистрации изменений к ПЛ РС-ДУПиОП-31-2024 к Положению о Гибкая система корпорат льгот (2).docx.json ...
2026-06-15 09:29:59,366 [INFO] Successfully embedded Лист регистрации изменений к ПЛ РС-ДУПиОП-31-2024 к Положению о Гибкая система корпорат льгот (2).docx.json.
2026-06-15 09:29:59,367 [INFO] Archived Лист регистрации изменений к ПЛ РС-ДУПиОП-31-2024 к Положению о Гибкая система корпорат льгот (2).docx.json.
2026-06-15 09:29:59,367 [INFO] Uploading Приказ изменение Положения о гибких льготах_3-0_4-0_5-0.doc.json ...
2026-06-15 09:30:01,021 [INFO] Successfully embedded Приказ изменение Положения о гибких льготах_3-0_4-0_5-0.doc.json.
2026-06-15 09:30:01,022 [INFO] Archived Приказ изменение Положения о гибких льготах_3-0_4-0_5-0.doc.json.
2026-06-15 09:30:01,022 [INFO] Uploading Приказ № 25 от 22.01.2025 - О внес. изм. в ПЛ РС-ДУПиОП-31-2024.pdf.json ...
2026-06-15 09:30:05,577 [INFO] Successfully embedded Приказ № 25 от 22.01.2025 - О внес. изм. в ПЛ РС-ДУПиОП-31-2024.pdf.json.
2026-06-15 09:30:05,577 [INFO] Archived Приказ № 25 от 22.01.2025 - О внес. изм. в ПЛ РС-ДУПиОП-31-2024.pdf.json.
2026-06-15 09:30:05,578 [INFO] Uploading Приложение к приказу. Изменения в Положение_3_6-0.docx.json ...
2026-06-15 09:30:08,861 [INFO] Successfully embedded Приложение к приказу. Изменения в Положение_3_6-0.docx.json.
2026-06-15 09:30:08,861 [INFO] Archived Приложение к приказу. Изменения в Положение_3_6-0.docx.json.
2026-06-15 10:16:38,479 [INFO] Started upload daemon. Monitoring /home/mint/smart-db/CHUNKS_STAGING
